 module

 Timestamp is 5f858a4c (Tue Oct 13 13:06:52 2020)

 Preferred load address is 0000000180000000

 Start         Length     Name                   Class
 0001:00000000 000106d0H .text$mn                CODE
 0001:000106d0 00000020H .text$mn$00             CODE
 0001:000106f0 00000250H .text$x                 CODE
 0002:00000000 00000248H .idata$5                DATA
 0002:00000248 00000010H .00cfg                  DATA
 0002:00000258 00000008H .CRT$XCA                DATA
 0002:00000260 00000008H .CRT$XCU                DATA
 0002:00000268 00000008H .CRT$XCZ                DATA
 0002:00000270 00000008H .CRT$XIA                DATA
 0002:00000278 00000018H .CRT$XIC                DATA
 0002:00000290 00000008H .CRT$XIZ                DATA
 0002:00000298 00000008H .CRT$XPA                DATA
 0002:000002a0 00000010H .CRT$XPX                DATA
 0002:000002b0 00000008H .CRT$XPXA               DATA
 0002:000002b8 00000008H .CRT$XPZ                DATA
 0002:000002c0 00000008H .CRT$XTA                DATA
 0002:000002c8 00000008H .CRT$XTZ                DATA
 0002:000002d0 00000000H .gfids$y                DATA
 0002:000002d0 00007d40H .rdata                  DATA
 0002:00008010 00000000H .rdata$r                DATA
 0002:00008010 00000380H .rdata$zzzdbg           DATA
 0002:00008390 00000008H .rtc$IAA                DATA
 0002:00008398 00000008H .rtc$IZZ                DATA
 0002:000083a0 00000008H .rtc$TAA                DATA
 0002:000083a8 00000008H .rtc$TZZ                DATA
 0002:000083b0 00000d68H .xdata                  DATA
 0002:00009118 00000000H .xdata$x                DATA
 0002:00009118 00000020H .didat$2                DATA
 0002:00009138 00000020H .didat$3                DATA
 0002:00009158 00000020H .didat$4                DATA
 0002:00009178 00000050H .didat$6                DATA
 0002:000091c8 00000028H .didat$7                DATA
 0002:000091f0 00000050H .edata                  DATA
 0002:00009240 00000014H .idata$2                DATA
 0002:00009254 00000014H .idata$3                DATA
 0002:00009268 00000248H .idata$4                DATA
 0002:000094b0 0000054aH .idata$6                DATA
 0003:00000000 00000a78H .data                   DATA
 0003:00000a78 00000000H .data$r                 DATA
 0003:00000a78 00000028H .didat$5                DATA
 0003:00000aa0 00001200H .bss                    DATA
 0004:00000000 00001074H .pdata                  DATA
 0005:00000000 00000060H .rsrc$01                DATA
 0005:00000060 00000180H .rsrc$02                DATA

  Address         Publics by Value              Rva+Base               Lib:Object

 0000:00000000       __hybrid_code_map_count    0000000000000000     <absolute>
 0000:00000000       __hybrid_code_map          0000000000000000     <absolute>
 0000:00000000       __guard_iat_count          0000000000000000     <absolute>
 0000:00000000       __volatile_metadata        0000000000000000     <absolute>
 0000:00000000       __guard_longjmp_count      0000000000000000     <absolute>
 0000:00000000       __guard_longjmp_table      0000000000000000     <absolute>
 0000:00000000       __guard_iat_table          0000000000000000     <absolute>
 0000:00000000       __guard_fids_count         0000000000000000     <absolute>
 0000:00000000       ___safe_se_handler_count   0000000000000000     <absolute>
 0000:00000000       __enclave_config           0000000000000000     <absolute>
 0000:00000000       ___safe_se_handler_table   0000000000000000     <absolute>
 0000:00000000       __guard_fids_table         0000000000000000     <absolute>
 0000:00000000       __dynamic_value_reloc_table 0000000000000000     <absolute>
 0000:00000000       __hybrid_auxiliary_iat     0000000000000000     <absolute>
 0000:00000100       __guard_flags              0000000000000100     <absolute>
 0000:00000000       __ImageBase                0000000180000000     <linker-defined>
 0001:00000000       __local_stdio_printf_options 0000000180001000 f i hello_world.obj
 0001:00000010       printf                     0000000180001010 f i hello_world.obj
 0001:00000070       helloWorld                 0000000180001070 f   hello_world.obj
 0001:00000090       Init                       0000000180001090 f   hello_world.obj
 0001:00000144       __imp_load_napi_create_function 0000000180001144 f   node:node.exe
 0001:00000150       __tailMerge_node_exe       0000000180001150     node:node.exe
 0001:000001c9       __imp_load_napi_module_register 00000001800011c9 f   node:node.exe
 0001:000001d5       __imp_load_napi_set_named_property 00000001800011d5 f   node:node.exe
 0001:00000200       __security_check_cookie    0000000180001200 f   LIBCMT:amdsecgs.obj
 0001:00000554       _DllMainCRTStartup         0000000180001554 f   LIBCMT:dll_dllmain.obj
 0001:00000594       __raise_securityfailure    0000000180001594 f   LIBCMT:gs_report.obj
 0001:000005c8       __report_gsfailure         00000001800015c8 f   LIBCMT:gs_report.obj
 0001:0000069c       __report_rangecheckfailure 000000018000169c f   LIBCMT:gs_report.obj
 0001:000006b0       __report_securityfailure   00000001800016b0 f   LIBCMT:gs_report.obj
 0001:00000830       __security_init_cookie     0000000180001830 f   LIBCMT:gs_support.obj
 0001:000008dc       _get_startup_argv_mode     00000001800018dc f   LIBCMT:argv_mode.obj
 0001:000008dc       DllMain                    00000001800018dc f   LIBCMT:dll_dllmain_stub.obj
 0001:000008e4       ?__scrt_initialize_type_info@@YAXXZ 00000001800018e4 f   LIBCMT:tncleanup.obj
 0001:000008f4       ?__scrt_uninitialize_type_info@@YAXXZ 00000001800018f4 f   LIBCMT:tncleanup.obj
 0001:00000900       __local_stdio_scanf_options 0000000180001900 f i LIBCMT:default_local_stdio_options.obj
 0001:00000908       __scrt_initialize_default_local_stdio_options 0000000180001908 f   LIBCMT:default_local_stdio_options.obj
 0001:00000924       __scrt_acquire_startup_lock 0000000180001924 f   LIBCMT:utility.obj
 0001:00000960       __scrt_dllmain_after_initialize_c 0000000180001960 f   LIBCMT:utility.obj
 0001:00000994       __scrt_dllmain_before_initialize_c 0000000180001994 f   LIBCMT:utility.obj
 0001:000009ac       __scrt_dllmain_crt_thread_attach 00000001800019ac f   LIBCMT:utility.obj
 0001:000009d4       __scrt_dllmain_crt_thread_detach 00000001800019d4 f   LIBCMT:utility.obj
 0001:000009ec       __scrt_dllmain_exception_filter 00000001800019ec f   LIBCMT:utility.obj
 0001:00000a4c       __scrt_dllmain_uninitialize_c 0000000180001a4c f   LIBCMT:utility.obj
 0001:00000a7c       __scrt_dllmain_uninitialize_critical 0000000180001a7c f   LIBCMT:utility.obj
 0001:00000a90       __scrt_initialize_crt      0000000180001a90 f   LIBCMT:utility.obj
 0001:00000adc       __scrt_initialize_onexit_tables 0000000180001adc f   LIBCMT:utility.obj
 0001:00000bb4       __scrt_is_nonwritable_in_current_image 0000000180001bb4 f   LIBCMT:utility.obj
 0001:00000c50       __scrt_release_startup_lock 0000000180001c50 f   LIBCMT:utility.obj
 0001:00000c74       __scrt_uninitialize_crt    0000000180001c74 f   LIBCMT:utility.obj
 0001:00000ca0       __scrt_get_dyn_tls_init_callback 0000000180001ca0 f   LIBCMT:dyn_tls_init.obj
 0001:00000ca8       __crt_debugger_hook        0000000180001ca8 f   LIBCMT:utility_desktop.obj
 0001:00000cb0       __scrt_fastfail            0000000180001cb0 f   LIBCMT:utility_desktop.obj
 0001:00000dfc       _RTC_Initialize            0000000180001dfc f   LIBCMT:initsect.obj
 0001:00000e38       _RTC_Terminate             0000000180001e38 f   LIBCMT:initsect.obj
 0001:00000e74       _guard_check_icall_nop     0000000180001e74 f i LIBCMT:guard_support.obj
 0001:00000e78       __isa_available_init       0000000180001e78 f   LIBCMT:cpu_disp.obj
 0001:00000ff4       __scrt_is_ucrt_dll_in_use  0000000180001ff4 f   LIBCMT:ucrt_detection.obj
 0001:00001000       __C_specific_handler       0000000180002000 f   libvcruntime:riscchandler.obj
 0001:0000120c       __std_type_info_destroy_list 000000018000220c f   libvcruntime:std_type_info.obj
 0001:00001238       __vcrt_initialize          0000000180002238 f   libvcruntime:initialization.obj
 0001:0000126c       __vcrt_thread_attach       000000018000226c f   libvcruntime:initialization.obj
 0001:00001280       __vcrt_thread_detach       0000000180002280 f   libvcruntime:initialization.obj
 0001:00001294       __vcrt_uninitialize        0000000180002294 f   libvcruntime:initialization.obj
 0001:000012b4       __vcrt_uninitialize_critical 00000001800022b4 f   libvcruntime:initialization.obj
 0001:000012e0       memset_repmovs             00000001800022e0 f   libvcruntime:memset.obj
 0001:00001300       memset                     0000000180002300 f   libvcruntime:memset.obj
 0001:000014a0       _NLG_Notify                00000001800024a0 f   libvcruntime:notify.obj
 0001:000014c0       __NLG_Dispatch2            00000001800024c0 f   libvcruntime:notify.obj
 0001:000014d0       __NLG_Return2              00000001800024d0 f   libvcruntime:notify.obj
 0001:000014d4       __except_validate_context_record 00000001800024d4 f   libvcruntime:jbcxrval.obj
 0001:0000150c       __DestructExceptionObject  000000018000250c f   libvcruntime:ehhelpers.obj
 0001:00001580       ?_CallMemberFunction0@@YAXQEAX0@Z 0000000180002580 f i libvcruntime:ehhelpers.obj
 0001:00001584       __vcrt_freefls             0000000180002584 f   libvcruntime:per_thread_data.obj
 0001:000015a4       __vcrt_freeptd             00000001800025a4 f   libvcruntime:per_thread_data.obj
 0001:000015f4       __vcrt_getptd_noexit       00000001800025f4 f   libvcruntime:per_thread_data.obj
 0001:000016c0       __vcrt_initialize_ptd      00000001800026c0 f   libvcruntime:per_thread_data.obj
 0001:00001714       __vcrt_uninitialize_ptd    0000000180002714 f   libvcruntime:per_thread_data.obj
 0001:00001738       __vcrt_initialize_locks    0000000180002738 f   libvcruntime:locks.obj
 0001:00001780       __vcrt_uninitialize_locks  0000000180002780 f   libvcruntime:locks.obj
 0001:00001990       __vcrt_FlsAlloc            0000000180002990 f   libvcruntime:winapi_downlevel.obj
 0001:000019d8       __vcrt_FlsFree             00000001800029d8 f   libvcruntime:winapi_downlevel.obj
 0001:00001a20       __vcrt_FlsGetValue         0000000180002a20 f   libvcruntime:winapi_downlevel.obj
 0001:00001a68       __vcrt_FlsSetValue         0000000180002a68 f   libvcruntime:winapi_downlevel.obj
 0001:00001abc       __vcrt_InitializeCriticalSectionEx 0000000180002abc f   libvcruntime:winapi_downlevel.obj
 0001:00001b20       __vcrt_initialize_winapi_thunks 0000000180002b20 f   libvcruntime:winapi_downlevel.obj
 0001:00001b50       __vcrt_uninitialize_winapi_thunks 0000000180002b50 f   libvcruntime:winapi_downlevel.obj
 0001:00001b90       __vcrt_initialize_pure_virtual_call_handler 0000000180002b90 f   libvcruntime:purevirt_data.obj
 0001:00001bb0       memcpy_repmovs             0000000180002bb0 f   libvcruntime:memcpy.obj
 0001:00001bd0       memcpy                     0000000180002bd0 f   libvcruntime:memcpy.obj
 0001:00001bd0       memmove                    0000000180002bd0 f   libvcruntime:memcpy.obj
 0001:00002010       _CallSettingFrame          0000000180003010 f   libvcruntime:handlers.obj
 0001:00002060       _CallSettingFrameEncoded   0000000180003060 f   libvcruntime:handlers.obj
 0001:000020a8       __acrt_initialize_stdio    00000001800030a8 f   libucrt:_file.obj
 0001:000021c8       __acrt_iob_func            00000001800031c8 f   libucrt:_file.obj
 0001:000021dc       __acrt_uninitialize_stdio  00000001800031dc f   libucrt:_file.obj
 0001:00002238       _lock_file                 0000000180003238 f   libucrt:_file.obj
 0001:00002244       _unlock_file               0000000180003244 f   libucrt:_file.obj
 0001:00002290       ??$ensure_buffer_is_big_enough@D@formatting_buffer@__crt_stdio_output@@QEAA_N_K@Z 0000000180003290 f i libucrt:output.obj
 0001:00002338       ??$type_case_integer_parse_into_buffer@I@?$output_processor@DV?$stream_output_adapter@D@__crt_stdio_output@@V?$standard_base@DV?$stream_output_adapter@D@__crt_stdio_output@@@2@@__crt_stdio_output@@AEAAXII_N@Z 0000000180003338 f i libucrt:output.obj
 0001:000023c8       ??$type_case_integer_parse_into_buffer@_K@?$output_processor@DV?$stream_output_adapter@D@__crt_stdio_output@@V?$standard_base@DV?$stream_output_adapter@D@__crt_stdio_output@@@2@@__crt_stdio_output@@AEAAX_KI_N@Z 00000001800033c8 f i libucrt:output.obj
 0001:0000245c       ??$write_multiple_characters@V?$stream_output_adapter@D@__crt_stdio_output@@D@__crt_stdio_output@@YAXAEBV?$stream_output_adapter@D@0@DHQEAH@Z 000000018000345c f i libucrt:output.obj
 0001:000024e8       ??0_LocaleUpdate@@QEAA@QEAU__crt_locale_pointers@@@Z 00000001800034e8 f i libucrt:output.obj
 0001:000026b4       ?crop_zeroes@__crt_stdio_output@@YAXPEADQEAU__crt_locale_pointers@@@Z 00000001800036b4 f i libucrt:output.obj
 0001:00002720       ?force_decimal_point@__crt_stdio_output@@YAXPEADQEAU__crt_locale_pointers@@@Z 0000000180003720 f i libucrt:output.obj
 0001:00002790       ?parse_int_from_format_string@?$output_processor@DV?$stream_output_adapter@D@__crt_stdio_output@@V?$standard_base@DV?$stream_output_adapter@D@__crt_stdio_output@@@2@@__crt_stdio_output@@AEAA_NQEAH@Z 0000000180003790 f i libucrt:output.obj
 0001:00002834       ?process@?$output_processor@DV?$stream_output_adapter@D@__crt_stdio_output@@V?$standard_base@DV?$stream_output_adapter@D@__crt_stdio_output@@@2@@__crt_stdio_output@@QEAAHXZ 0000000180003834 f i libucrt:output.obj
 0001:00002a4c       ?state_case_normal@?$output_processor@DV?$stream_output_adapter@D@__crt_stdio_output@@V?$standard_base@DV?$stream_output_adapter@D@__crt_stdio_output@@@2@@__crt_stdio_output@@AEAA_NXZ 0000000180003a4c f i libucrt:output.obj
 0001:00002abc       ?state_case_normal_tchar@?$output_processor@DV?$stream_output_adapter@D@__crt_stdio_output@@V?$standard_base@DV?$stream_output_adapter@D@__crt_stdio_output@@@2@@__crt_stdio_output@@AEAA_ND@Z 0000000180003abc f i libucrt:output.obj
 0001:00002b60       ?state_case_size@?$output_processor@DV?$stream_output_adapter@D@__crt_stdio_output@@V?$standard_base@DV?$stream_output_adapter@D@__crt_stdio_output@@@2@@__crt_stdio_output@@AEAA_NXZ 0000000180003b60 f i libucrt:output.obj
 0001:00002cd4       ?state_case_type@?$output_processor@DV?$stream_output_adapter@D@__crt_stdio_output@@V?$standard_base@DV?$stream_output_adapter@D@__crt_stdio_output@@@2@@__crt_stdio_output@@AEAA_NXZ 0000000180003cd4 f i libucrt:output.obj
 0001:00002f58       ?type_case_Z@?$output_processor@DV?$stream_output_adapter@D@__crt_stdio_output@@V?$standard_base@DV?$stream_output_adapter@D@__crt_stdio_output@@@2@@__crt_stdio_output@@AEAA_NXZ 0000000180003f58 f i libucrt:output.obj
 0001:00002fd0       ?type_case_a@?$output_processor@DV?$stream_output_adapter@D@__crt_stdio_output@@V?$standard_base@DV?$stream_output_adapter@D@__crt_stdio_output@@@2@@__crt_stdio_output@@AEAA_NXZ 0000000180003fd0 f i libucrt:output.obj
 0001:0000318c       ?type_case_c_tchar@?$output_processor@DV?$stream_output_adapter@D@__crt_stdio_output@@V?$standard_base@DV?$stream_output_adapter@D@__crt_stdio_output@@@2@@__crt_stdio_output@@AEAA_ND@Z 000000018000418c f i libucrt:output.obj
 0001:00003248       ?type_case_integer@?$output_processor@DV?$stream_output_adapter@D@__crt_stdio_output@@V?$standard_base@DV?$stream_output_adapter@D@__crt_stdio_output@@@2@@__crt_stdio_output@@AEAA_NI_N@Z 0000000180004248 f i libucrt:output.obj
 0001:00003410       ?type_case_n@?$output_processor@DV?$stream_output_adapter@D@__crt_stdio_output@@V?$standard_base@DV?$stream_output_adapter@D@__crt_stdio_output@@@2@@__crt_stdio_output@@AEAA_NXZ 0000000180004410 f i libucrt:output.obj
 0001:000034ec       ?type_case_s@?$output_processor@DV?$stream_output_adapter@D@__crt_stdio_output@@V?$standard_base@DV?$stream_output_adapter@D@__crt_stdio_output@@@2@@__crt_stdio_output@@AEAA_NXZ 00000001800044ec f i libucrt:output.obj
 0001:00003584       ?validate_stream_is_ansi_if_required@?$__acrt_stdio_char_traits@D@@SA_NQEAU_iobuf@@@Z 0000000180004584 f i libucrt:output.obj
 0001:00003620       ?write_stored_string_tchar@?$output_processor@DV?$stream_output_adapter@D@__crt_stdio_output@@V?$standard_base@DV?$stream_output_adapter@D@__crt_stdio_output@@@2@@__crt_stdio_output@@AEAA_ND@Z 0000000180004620 f i libucrt:output.obj
 0001:00003744       ?write_string_impl@?$output_adapter_common@DV?$stream_output_adapter@D@__crt_stdio_output@@@__crt_stdio_output@@IEBAXQEBDHQEAHAEAV__crt_deferred_errno_cache@@@Z 0000000180004744 f i libucrt:output.obj
 0001:0000383c       __stdio_common_vfprintf    000000018000483c f   libucrt:output.obj
 0001:000038c8       __ascii_stricmp            00000001800048c8 f   libucrt:stricmp.obj
 0001:00003908       _stricmp                   0000000180004908 f   libucrt:stricmp.obj
 0001:00003950       _stricmp_l                 0000000180004950 f   libucrt:stricmp.obj
 0001:00003a04       _initterm                  0000000180004a04 f   libucrt:initterm.obj
 0001:00003a68       _initterm_e                0000000180004a68 f   libucrt:initterm.obj
 0001:00003aa8       _seh_filter_dll            0000000180004aa8 f   libucrt:exception_filter.obj
 0001:00003abc       _seh_filter_exe            0000000180004abc f   libucrt:exception_filter.obj
 0001:00003eac       __acrt_initialize_thread_local_exit_callback 0000000180004eac f   libucrt:exit.obj
 0001:00003eb4       _cexit                     0000000180004eb4 f   libucrt:exit.obj
 0001:00003ec4       _exit                      0000000180004ec4 f   libucrt:exit.obj
 0001:00003ed0       _is_c_termination_complete 0000000180004ed0 f   libucrt:exit.obj
 0001:0000409c       __acrt_allocate_buffer_for_argv 000000018000509c f   libucrt:argv_parsing.obj
 0001:000040fc       _configure_narrow_argv     00000001800050fc f   libucrt:argv_parsing.obj
 0001:00004474       __dcrt_uninitialize_environments_nolock 0000000180005474 f   libucrt:environment_initialization.obj
 0001:000044ac       _initialize_narrow_environment 00000001800054ac f   libucrt:environment_initialization.obj
 0001:00004608       _execute_onexit_table      0000000180005608 f   libucrt:onexit.obj
 0001:00004644       _initialize_onexit_table   0000000180005644 f   libucrt:onexit.obj
 0001:000046a4       __acrt_uninitialize_command_line 00000001800056a4 f   libucrt:argv_data.obj
 0001:0000479c       __acrt_initialize          000000018000579c f   libucrt:initialization.obj
 0001:000047b0       __acrt_thread_attach       00000001800057b0 f   libucrt:initialization.obj
 0001:000047c4       __acrt_thread_detach       00000001800057c4 f   libucrt:initialization.obj
 0001:000047d4       __acrt_uninitialize        00000001800057d4 f   libucrt:initialization.obj
 0001:0000480c       __acrt_uninitialize_critical 000000018000580c f   libucrt:initialization.obj
 0001:0000481c       terminate                  000000018000581c f   libucrt:terminate.obj
 0001:0000483c       free                       000000018000583c f   libucrt:free.obj
 0001:00004850       strcpy_s                   0000000180005850 f   libucrt:strcpy_s.obj
 0001:000048b0       ??$parse_integer@KV?$c_string_character_source@D@__crt_strtox@@@__crt_strtox@@YAKQEAU__crt_locale_pointers@@V?$c_string_character_source@D@0@H_N@Z 00000001800058b0 f i libucrt:atox.obj
 0001:00004c00       strncmp                    0000000180005c00 f   libucrt:strncmp.obj
 0001:00004c80       abort                      0000000180005c80 f   libucrt:abort.obj
 0001:00004cd8       calloc                     0000000180005cd8 f   libucrt:calloc.obj
 0001:00004ce0       wcsncmp                    0000000180005ce0 f   libucrt:wcsncmp.obj
 0001:00004d0c       __acrt_call_reportfault    0000000180005d0c f   libucrt:invalid_parameter.obj
 0001:00004e68       __acrt_initialize_invalid_parameter_handler 0000000180005e68 f   libucrt:invalid_parameter.obj
 0001:00004e70       _invalid_parameter         0000000180005e70 f   libucrt:invalid_parameter.obj
 0001:00004f20       _invalid_parameter_noinfo  0000000180005f20 f   libucrt:invalid_parameter.obj
 0001:00004f40       _invoke_watson             0000000180005f40 f   libucrt:invalid_parameter.obj
 0001:00004f88       __acrt_errno_from_os_error 0000000180005f88 f   libucrt:errno.obj
 0001:00004fd0       __acrt_errno_map_os_error  0000000180005fd0 f   libucrt:errno.obj
 0001:00005020       __doserrno                 0000000180006020 f   libucrt:errno.obj
 0001:00005040       _errno                     0000000180006040 f   libucrt:errno.obj
 0001:00005060       _calloc_base               0000000180006060 f   libucrt:calloc_base.obj
 0001:000050d8       _free_base                 00000001800060d8 f   libucrt:free_base.obj
 0001:000052f0       __acrt_AppPolicyGetProcessTerminationMethodInternal 00000001800062f0 f   libucrt:winapi_thunks.obj
 0001:00005340       __acrt_AreFileApisANSI     0000000180006340 f   libucrt:winapi_thunks.obj
 0001:0000537c       __acrt_FlsAlloc            000000018000637c f   libucrt:winapi_thunks.obj
 0001:000053c4       __acrt_FlsFree             00000001800063c4 f   libucrt:winapi_thunks.obj
 0001:0000540c       __acrt_FlsGetValue         000000018000640c f   libucrt:winapi_thunks.obj
 0001:00005454       __acrt_FlsSetValue         0000000180006454 f   libucrt:winapi_thunks.obj
 0001:000054a8       __acrt_InitializeCriticalSectionEx 00000001800064a8 f   libucrt:winapi_thunks.obj
 0001:0000550c       __acrt_LCMapStringEx       000000018000650c f   libucrt:winapi_thunks.obj
 0001:000055e8       __acrt_LocaleNameToLCID    00000001800065e8 f   libucrt:winapi_thunks.obj
 0001:00005638       __acrt_initialize_winapi_thunks 0000000180006638 f   libucrt:winapi_thunks.obj
 0001:0000566c       __acrt_uninitialize_winapi_thunks 000000018000666c f   libucrt:winapi_thunks.obj
 0001:000056b0       _fcloseall                 00000001800066b0 f   libucrt:closeall.obj
 0001:00005940       __acrt_stdio_flush_nolock  0000000180006940 f   libucrt:fflush.obj
 0001:000059bc       _fflush_nolock             00000001800069bc f   libucrt:fflush.obj
 0001:00005a08       _flushall                  0000000180006a08 f   libucrt:fflush.obj
 0001:00005a10       __acrt_stdio_free_buffer_nolock 0000000180006a10 f   libucrt:_freebuf.obj
 0001:00005c4c       __acrt_initialize_lowio    0000000180006c4c f   libucrt:ioinit.obj
 0001:00005c88       __acrt_uninitialize_lowio  0000000180006c88 f   libucrt:ioinit.obj
 0001:00005cc8       isdigit                    0000000180006cc8 f i libucrt:_ctype.obj
 0001:00005dbc       _tolower_l                 0000000180006dbc f   libucrt:tolower_toupper.obj
 0001:00005efc       tolower                    0000000180006efc f   libucrt:tolower_toupper.obj
 0001:00005f28       _malloc_base               0000000180006f28 f   libucrt:malloc_base.obj
 0001:00005f88       strtol                     0000000180006f88 f   libucrt:strtox.obj
 0001:00005fb4       _mbtowc_l                  0000000180006fb4 f   libucrt:mbtowc.obj
 0001:00006130       mbtowc                     0000000180007130 f   libucrt:mbtowc.obj
 0001:00006138       _wctomb_s_l                0000000180007138 f   libucrt:wctomb.obj
 0001:000062d8       wctomb_s                   00000001800072d8 f   libucrt:wctomb.obj
 0001:000062ec       strnlen                    00000001800072ec f   libucrt:strnlen.obj
 0001:0000643c       wcsnlen                    000000018000743c f   libucrt:strnlen.obj
 0001:0000698c       __acrt_freeptd             000000018000798c f   libucrt:per_thread_data.obj
 0001:000069d0       __acrt_getptd              00000001800079d0 f   libucrt:per_thread_data.obj
 0001:00006aa4       __acrt_getptd_head         0000000180007aa4 f   libucrt:per_thread_data.obj
 0001:00006b4c       __acrt_getptd_noexit       0000000180007b4c f   libucrt:per_thread_data.obj
 0001:00006c18       __acrt_initialize_ptd      0000000180007c18 f   libucrt:per_thread_data.obj
 0001:00006c54       __acrt_uninitialize_ptd    0000000180007c54 f   libucrt:per_thread_data.obj
 0001:00006c78       __acrt_update_locale_info  0000000180007c78 f   libucrt:locale_update.obj
 0001:00006cac       __acrt_update_multibyte_info 0000000180007cac f   libucrt:locale_update.obj
 0001:000076b4       __acrt_fp_format           00000001800086b4 f   libucrt:cvt.obj
 0001:0000793c       _fileno                    000000018000893c f   libucrt:fileno.obj
 0001:00007964       _fputc_nolock              0000000180008964 f   libucrt:fputc.obj
 0001:0000797c       _get_printf_count_output   000000018000897c f   libucrt:printf_count_output.obj
 0001:00007994       __acrt_stdio_begin_temporary_buffering_nolock 0000000180008994 f   libucrt:_sftbuf.obj
 0001:00007a64       __acrt_stdio_end_temporary_buffering_nolock 0000000180008a64 f   libucrt:_sftbuf.obj
 0001:00007b10       __acrt_set_locale_changed  0000000180008b10 f   libucrt:wsetlocale.obj
 0001:00007b1c       __acrt_uninitialize_locale 0000000180008b1c f   libucrt:wsetlocale.obj
 0001:00007b4c       __acrt_initialize_locks    0000000180008b4c f   libucrt:locks.obj
 0001:00007b94       __acrt_lock                0000000180008b94 f   libucrt:locks.obj
 0001:00007bb0       __acrt_uninitialize_locks  0000000180008bb0 f   libucrt:locks.obj
 0001:00007be8       __acrt_unlock              0000000180008be8 f   libucrt:locks.obj
 0001:00007c04       __acrt_get_process_end_policy 0000000180008c04 f   libucrt:win_policies.obj
 0001:00007c54       ??$__acrt_mbs_to_wcs_cp@U__crt_win32_buffer_internal_dynamic_resizing@@@@YAHQEBDAEAV?$__crt_win32_buffer@_WU__crt_win32_buffer_internal_dynamic_resizing@@@@I@Z 0000000180008c54 f i libucrt:argv_wildcards.obj
 0001:00007dcc       ??$__acrt_wcs_to_mbs_cp@U__crt_win32_buffer_internal_dynamic_resizing@@@@YAHQEB_WAEAV?$__crt_win32_buffer@DU__crt_win32_buffer_internal_dynamic_resizing@@@@I@Z 0000000180008dcc f i libucrt:argv_wildcards.obj
 0001:000085fc       __acrt_expand_narrow_argv_wildcards 00000001800095fc f   libucrt:argv_wildcards.obj
 0001:00008604       ??$__acrt_wcs_to_mbs_cp@U__crt_win32_buffer_no_resizing@@@@YAHQEB_WAEAV?$__crt_win32_buffer@DU__crt_win32_buffer_no_resizing@@@@I@Z 0000000180009604 f i libucrt:getmodulefilenamea.obj
 0001:00008718       __acrt_GetModuleFileNameA  0000000180009718 f   libucrt:getmodulefilenamea.obj
 0001:00008f64       __acrt_initialize_multibyte 0000000180009f64 f   libucrt:mbctype.obj
 0001:00008fc4       __acrt_update_thread_multibyte_data 0000000180009fc4 f   libucrt:mbctype.obj
 0001:00008fe0       _setmbcp_nolock            0000000180009fe0 f   libucrt:mbctype.obj
 0001:00009314       _ismbblead                 000000018000a314 f   libucrt:ismbbyte.obj
 0001:00009328       __acrt_initialize_command_line 000000018000a328 f   libucrt:argv_data.obj
 0001:00009350       __acrt_MultiByteToWideChar 000000018000a350 f   libucrt:multibytetowidechar.obj
 0001:000093ac       __acrt_WideCharToMultiByte 000000018000a3ac f   libucrt:widechartomultibyte.obj
 0001:00009444       __dcrt_get_narrow_environment_from_os 000000018000a444 f   libucrt:get_environment_from_os.obj
 0001:00009548       _recalloc_base             000000018000a548 f   libucrt:recalloc.obj
 0001:000095e0       __acrt_initialize_heap     000000018000a5e0 f   libucrt:heap_handle.obj
 0001:000095fc       __acrt_uninitialize_heap   000000018000a5fc f   libucrt:heap_handle.obj
 0001:00009608       __acrt_execute_initializers 000000018000a608 f   libucrt:shared_initialization.obj
 0001:00009688       __acrt_execute_uninitializers 000000018000a688 f   libucrt:shared_initialization.obj
 0001:000096c4       __acrt_initialize_new_handler 000000018000a6c4 f   libucrt:new_handler.obj
 0001:000096cc       _callnewh                  000000018000a6cc f   libucrt:new_handler.obj
 0001:000096fc       _query_new_handler         000000018000a6fc f   libucrt:new_handler.obj
 0001:00009778       __acrt_get_sigabrt_handler 000000018000a778 f   libucrt:signal.obj
 0001:000097a8       __acrt_initialize_signal_handlers 000000018000a7a8 f   libucrt:signal.obj
 0001:000097c8       raise                      000000018000a7c8 f   libucrt:signal.obj
 0001:00009a34       __acrt_has_user_matherr    000000018000aa34 f   libucrt:matherr.obj
 0001:00009a54       __acrt_initialize_user_matherr 000000018000aa54 f   libucrt:matherr.obj
 0001:00009a5c       __acrt_invoke_user_matherr 000000018000aa5c f   libucrt:matherr.obj
 0001:00009a8c       __pctype_func              000000018000aa8c f   libucrt:ctype.obj
 0001:00009abc       _isctype_l                 000000018000aabc f   libucrt:isctype.obj
 0001:00009bcc       _query_new_mode            000000018000abcc f   libucrt:new_mode.obj
 0001:00009cbc       __acrt_DownlevelLocaleNameToLCID 000000018000acbc f   libucrt:lcidtoname_downlevel.obj
 0001:00009cf0       _fclose_nolock             000000018000acf0 f   libucrt:fclose.obj
 0001:00009d74       fclose                     000000018000ad74 f   libucrt:fclose.obj
 0001:00009e64       _commit                    000000018000ae64 f   libucrt:commit.obj
 0001:0000a764       _write                     000000018000b764 f   libucrt:write.obj
 0001:0000a850       _write_nolock              000000018000b850 f   libucrt:write.obj
 0001:0000ab2c       __acrt_lowio_create_handle_array 000000018000bb2c f   libucrt:osfinfo.obj
 0001:0000abd4       __acrt_lowio_destroy_handle_array 000000018000bbd4 f   libucrt:osfinfo.obj
 0001:0000ac24       __acrt_lowio_ensure_fh_exists 000000018000bc24 f   libucrt:osfinfo.obj
 0001:0000accc       __acrt_lowio_lock_fh       000000018000bccc f   libucrt:osfinfo.obj
 0001:0000acf4       __acrt_lowio_unlock_fh     000000018000bcf4 f   libucrt:osfinfo.obj
 0001:0000ad1c       _free_osfhnd               000000018000bd1c f   libucrt:osfinfo.obj
 0001:0000add8       _get_osfhandle             000000018000bdd8 f   libucrt:osfinfo.obj
 0001:0000ae50       _isleadbyte_l              000000018000be50 f i libucrt:_wctype.obj
 0001:0000b1b4       __acrt_LCMapStringA        000000018000c1b4 f   libucrt:lcmapstringa.obj
 0001:0000b24c       ?__mbrtowc_utf8@__crt_mbstring@@YA_KPEA_WPEBD_KPEAU_Mbstatet@@@Z 000000018000c24c f   libucrt:mbrtowc.obj
 0001:0000b288       ?__mbsrtowcs_utf8@__crt_mbstring@@YA_KPEA_WPEAPEBD_KPEAU_Mbstatet@@@Z 000000018000c288 f   libucrt:mbrtowc.obj
 0001:0000b400       ?__c32rtomb_utf8@__crt_mbstring@@YA_KPEAD_UPEAU_Mbstatet@@@Z 000000018000c400 f   libucrt:c32rtomb.obj
 0001:0000b4b8       __acrt_add_locale_ref      000000018000c4b8 f   libucrt:locale_refcounting.obj
 0001:0000b544       __acrt_free_locale         000000018000c544 f   libucrt:locale_refcounting.obj
 0001:0000b6bc       __acrt_locale_add_lc_time_reference 000000018000c6bc f   libucrt:locale_refcounting.obj
 0001:0000b6e4       __acrt_locale_free_lc_time_if_unreferenced 000000018000c6e4 f   libucrt:locale_refcounting.obj
 0001:0000b71c       __acrt_locale_release_lc_time_reference 000000018000c71c f   libucrt:locale_refcounting.obj
 0001:0000b744       __acrt_release_locale_ref  000000018000c744 f   libucrt:locale_refcounting.obj
 0001:0000b7ec       __acrt_update_thread_locale_data 000000018000c7ec f   libucrt:locale_refcounting.obj
 0001:0000b85c       _updatetlocinfoEx_nolock   000000018000c85c f   libucrt:locale_refcounting.obj
 0001:0000b8c4       __acrt_fp_strflt_to_string 000000018000c8c4 f   libucrt:_fptostr.obj
 0001:0000b9b0       ?divide@__crt_strtox@@YA_KAEAUbig_integer@1@AEBU21@@Z 000000018000c9b0 f i libucrt:cfout.obj
 0001:0000bddc       __acrt_fltout              000000018000cddc f   libucrt:cfout.obj
 0001:0000d1f4       __acrt_stdio_flush_and_write_narrow_nolock 000000018000e1f4 f   libucrt:_flsbuf.obj
 0001:0000d2e0       _isatty                    000000018000e2e0 f   libucrt:isatty.obj
 0001:0000d340       __acrt_locale_free_monetary 000000018000e340 f   libucrt:initmon.obj
 0001:0000d44c       __acrt_locale_free_numeric 000000018000e44c f   libucrt:initnum.obj
 0001:0000d510       __acrt_locale_free_time    000000018000e510 f   libucrt:inittime.obj
 0001:0000d618       __acrt_GetStringTypeA      000000018000e618 f   libucrt:getstringtypea.obj
 0001:0000d7b0       qsort                      000000018000e7b0 f   libucrt:qsort.obj
 0001:0000db70       strncpy_s                  000000018000eb70 f   libucrt:strncpy_s.obj
 0001:0000dcf0       strpbrk                    000000018000ecf0 f   libucrt:strpbrk.obj
 0001:0000e0d0       _mbsdec                    000000018000f0d0 f   libucrt:mbsdec.obj
 0001:0000e0d8       _mbsdec_l                  000000018000f0d8 f   libucrt:mbsdec.obj
 0001:0000e184       _msize_base                000000018000f184 f   libucrt:msize.obj
 0001:0000e1c0       _realloc_base              000000018000f1c0 f   libucrt:realloc_base.obj
 0001:0000e2b0       _close                     000000018000f2b0 f   libucrt:close.obj
 0001:0000e354       _close_nolock              000000018000f354 f   libucrt:close.obj
 0001:0000e414       ?__acrt_stdio_free_stream@@YAXV__crt_stdio_stream@@@Z 000000018000f414 f   libucrt:stream.obj
 0001:0000e5bc       _lseeki64                  000000018000f5bc f   libucrt:lseek.obj
 0001:0000e5c4       _lseeki64_nolock           000000018000f5c4 f   libucrt:lseek.obj
 0001:0000e5cc       _putwch_nolock             000000018000f5cc f   libucrt:putwch.obj
 0001:0000e608       _query_app_type            000000018000f608 f   libucrt:report_runtime_error.obj
 0001:0000e610       __strncnt                  000000018000f610 f   libucrt:strncnt.obj
 0001:0000e628       ?__mbrtoc32_utf8@__crt_mbstring@@YA_KPEA_UPEBD_KPEAU_Mbstatet@@@Z 000000018000f628 f   libucrt:mbrtoc32.obj
 0001:0000e804       fegetenv                   000000018000f804 f   libucrt:fegetenv.obj
 0001:0000e824       fesetenv                   000000018000f824 f   libucrt:fesetenv.obj
 0001:0000e874       feholdexcept               000000018000f874 f   libucrt:feholdexcept.obj
 0001:0000e8c4       ceil                       000000018000f8c4 f   libucrt:ceil.obj
 0001:0000e990       log10                      000000018000f990 f   libucrt:log10.obj
 0001:0000ef3c       __acrt_stdio_allocate_buffer_nolock 000000018000ff3c f   libucrt:_getbuf.obj
 0001:0000efa4       __dcrt_lowio_ensure_console_output_initialized 000000018000ffa4 f   libucrt:initcon.obj
 0001:0000eff8       __dcrt_terminate_console_output 000000018000fff8 f   libucrt:initcon.obj
 0001:0000f014       __dcrt_write_console       0000000180010014 f   libucrt:initcon.obj
 0001:0000f0d4       __acrt_fenv_get_control    00000001800100d4 f   libucrt:_fenvutils.obj
 0001:0000f1c8       __acrt_fenv_get_status     00000001800101c8 f   libucrt:_fenvutils.obj
 0001:0000f21c       __acrt_fenv_set_control    000000018001021c f   libucrt:_fenvutils.obj
 0001:0000f364       __acrt_fenv_set_status     0000000180010364 f   libucrt:_fenvutils.obj
 0001:0000f3e8       _clearfp                   00000001800103e8 f   libucrt:ieee.obj
 0001:0000f57c       _handle_error              000000018001057c f   libucrt:libm_error.obj
 0001:0000f6a4       _handle_nan                00000001800106a4 f   libucrt:libm_error.obj
 0001:0000f6c0       __acrt_initialize_fma3     00000001800106c0 f   libucrt:fma3_available.obj
 0001:0000f730       _log10_special             0000000180010730 f   libucrt:log_special.obj
 0001:0000f800       _get_fpsr                  0000000180010800 f   libucrt:fpsr.obj
 0001:0000f810       _set_fpsr                  0000000180010810 f   libucrt:fpsr.obj
 0001:0000f81a       _fclrf                     000000018001081a f   libucrt:fpsr.obj
 0001:0000f82e       _frnd                      000000018001082e f   libucrt:fpsr.obj
 0001:0000f850       _raise_exc                 0000000180010850 f   libucrt:fpexcept.obj
 0001:0000f878       _raise_exc_ex              0000000180010878 f   libucrt:fpexcept.obj
 0001:0000fb88       _set_errno_from_matherr    0000000180010b88 f   libucrt:fpexcept.obj
 0001:0000fbb8       _clrfp                     0000000180010bb8 f   libucrt:fpctrl.obj
 0001:0000fbd8       _ctrlfp                    0000000180010bd8 f   libucrt:fpctrl.obj
 0001:0000fc54       _set_statfp                0000000180010c54 f   libucrt:fpctrl.obj
 0001:0000fc74       _statfp                    0000000180010c74 f   libucrt:fpctrl.obj
 0001:0000fc85       IsProcessorFeaturePresent  0000000180010c85 f   kernel32:KERNEL32.dll
 0001:0000fc8c       ?DloadAcquireSectionWriteAccess@@YAXXZ 0000000180010c8c f i DelayImp:delayhlp.obj
 0001:0000fd38       ?DloadGetSRWLockFunctionPointers@@YAEXZ 0000000180010d38 f i DelayImp:delayhlp.obj
 0001:0000fdd4       ?DloadMakePermanentImageCommit@@YAXPEAX_K@Z 0000000180010dd4 f i DelayImp:delayhlp.obj
 0001:0000fe6c       ?DloadObtainSection@@YAPEAXPEAK0@Z 0000000180010e6c f i DelayImp:delayhlp.obj
 0001:0000ff08       ?DloadProtectSection@@YAXKPEAK@Z 0000000180010f08 f i DelayImp:delayhlp.obj
 0001:0000ff98       ?DloadReleaseSectionWriteAccess@@YAXXZ 0000000180010f98 f i DelayImp:delayhlp.obj
 0001:0001002c       __delayLoadHelper2         000000018001102c f   DelayImp:delayhlp.obj
 0001:000102f0       _FindPESection             00000001800112f0 f   LIBCMT:pesect.obj
 0001:00010340       _IsNonwritableInCurrentImage 0000000180011340 f   LIBCMT:pesect.obj
 0001:00010390       _ValidateImageBase         0000000180011390 f   LIBCMT:pesect.obj
 0001:000103c0       __GSHandlerCheck           00000001800113c0 f   LIBCMT:gshandler.obj
 0001:000103e0       __GSHandlerCheckCommon     00000001800113e0 f   LIBCMT:gshandler.obj
 0001:00010450       __chkstk                   0000000180011450 f   LIBCMT:chkstk.obj
 0001:00010450       _alloca_probe              0000000180011450 f   LIBCMT:chkstk.obj
 0001:000104a4       strrchr                    00000001800114a4 f   libvcruntime:strrchr.obj
 0001:00010600       memcmp                     0000000180011600 f   libvcruntime:memcmp.obj
 0001:000106e0       _guard_dispatch_icall_nop  00000001800116e0 f   LIBCMT:guard_dispatch.obj
 0002:00000000       __imp_GetModuleHandleA     0000000180012000     kernel32:KERNEL32.dll
 0002:00000008       __imp_LoadLibraryExA       0000000180012008     kernel32:KERNEL32.dll
 0002:00000010       __imp_RtlCaptureContext    0000000180012010     kernel32:KERNEL32.dll
 0002:00000018       __imp_RtlLookupFunctionEntry 0000000180012018     kernel32:KERNEL32.dll
 0002:00000020       __imp_RtlVirtualUnwind     0000000180012020     kernel32:KERNEL32.dll
 0002:00000028       __imp_UnhandledExceptionFilter 0000000180012028     kernel32:KERNEL32.dll
 0002:00000030       __imp_SetUnhandledExceptionFilter 0000000180012030     kernel32:KERNEL32.dll
 0002:00000038       __imp_GetCurrentProcess    0000000180012038     kernel32:KERNEL32.dll
 0002:00000040       __imp_TerminateProcess     0000000180012040     kernel32:KERNEL32.dll
 0002:00000048       __imp_IsProcessorFeaturePresent 0000000180012048     kernel32:KERNEL32.dll
 0002:00000050       __imp_QueryPerformanceCounter 0000000180012050     kernel32:KERNEL32.dll
 0002:00000058       __imp_GetCurrentProcessId  0000000180012058     kernel32:KERNEL32.dll
 0002:00000060       __imp_GetCurrentThreadId   0000000180012060     kernel32:KERNEL32.dll
 0002:00000068       __imp_GetSystemTimeAsFileTime 0000000180012068     kernel32:KERNEL32.dll
 0002:00000070       __imp_InitializeSListHead  0000000180012070     kernel32:KERNEL32.dll
 0002:00000078       __imp_IsDebuggerPresent    0000000180012078     kernel32:KERNEL32.dll
 0002:00000080       __imp_GetStartupInfoW      0000000180012080     kernel32:KERNEL32.dll
 0002:00000088       __imp_GetModuleHandleW     0000000180012088     kernel32:KERNEL32.dll
 0002:00000090       __imp_RtlUnwindEx          0000000180012090     kernel32:KERNEL32.dll
 0002:00000098       __imp_InterlockedFlushSList 0000000180012098     kernel32:KERNEL32.dll
 0002:000000a0       __imp_GetLastError         00000001800120a0     kernel32:KERNEL32.dll
 0002:000000a8       __imp_SetLastError         00000001800120a8     kernel32:KERNEL32.dll
 0002:000000b0       __imp_EnterCriticalSection 00000001800120b0     kernel32:KERNEL32.dll
 0002:000000b8       __imp_LeaveCriticalSection 00000001800120b8     kernel32:KERNEL32.dll
 0002:000000c0       __imp_DeleteCriticalSection 00000001800120c0     kernel32:KERNEL32.dll
 0002:000000c8       __imp_InitializeCriticalSectionAndSpinCount 00000001800120c8     kernel32:KERNEL32.dll
 0002:000000d0       __imp_TlsAlloc             00000001800120d0     kernel32:KERNEL32.dll
 0002:000000d8       __imp_TlsGetValue          00000001800120d8     kernel32:KERNEL32.dll
 0002:000000e0       __imp_TlsSetValue          00000001800120e0     kernel32:KERNEL32.dll
 0002:000000e8       __imp_TlsFree              00000001800120e8     kernel32:KERNEL32.dll
 0002:000000f0       __imp_FreeLibrary          00000001800120f0     kernel32:KERNEL32.dll
 0002:000000f8       __imp_GetProcAddress       00000001800120f8     kernel32:KERNEL32.dll
 0002:00000100       __imp_LoadLibraryExW       0000000180012100     kernel32:KERNEL32.dll
 0002:00000108       __imp_RaiseException       0000000180012108     kernel32:KERNEL32.dll
 0002:00000110       __imp_ExitProcess          0000000180012110     kernel32:KERNEL32.dll
 0002:00000118       __imp_GetModuleHandleExW   0000000180012118     kernel32:KERNEL32.dll
 0002:00000120       __imp_GetModuleFileNameW   0000000180012120     kernel32:KERNEL32.dll
 0002:00000128       __imp_HeapAlloc            0000000180012128     kernel32:KERNEL32.dll
 0002:00000130       __imp_HeapFree             0000000180012130     kernel32:KERNEL32.dll
 0002:00000138       __imp_LCMapStringW         0000000180012138     kernel32:KERNEL32.dll
 0002:00000140       __imp_GetStdHandle         0000000180012140     kernel32:KERNEL32.dll
 0002:00000148       __imp_GetFileType          0000000180012148     kernel32:KERNEL32.dll
 0002:00000150       __imp_FindClose            0000000180012150     kernel32:KERNEL32.dll
 0002:00000158       __imp_FindFirstFileExW     0000000180012158     kernel32:KERNEL32.dll
 0002:00000160       __imp_FindNextFileW        0000000180012160     kernel32:KERNEL32.dll
 0002:00000168       __imp_IsValidCodePage      0000000180012168     kernel32:KERNEL32.dll
 0002:00000170       __imp_GetACP               0000000180012170     kernel32:KERNEL32.dll
 0002:00000178       __imp_GetOEMCP             0000000180012178     kernel32:KERNEL32.dll
 0002:00000180       __imp_GetCPInfo            0000000180012180     kernel32:KERNEL32.dll
 0002:00000188       __imp_GetCommandLineA      0000000180012188     kernel32:KERNEL32.dll
 0002:00000190       __imp_GetCommandLineW      0000000180012190     kernel32:KERNEL32.dll
 0002:00000198       __imp_MultiByteToWideChar  0000000180012198     kernel32:KERNEL32.dll
 0002:000001a0       __imp_WideCharToMultiByte  00000001800121a0     kernel32:KERNEL32.dll
 0002:000001a8       __imp_GetEnvironmentStringsW 00000001800121a8     kernel32:KERNEL32.dll
 0002:000001b0       __imp_FreeEnvironmentStringsW 00000001800121b0     kernel32:KERNEL32.dll
 0002:000001b8       __imp_GetProcessHeap       00000001800121b8     kernel32:KERNEL32.dll
 0002:000001c0       __imp_FlushFileBuffers     00000001800121c0     kernel32:KERNEL32.dll
 0002:000001c8       __imp_WriteFile            00000001800121c8     kernel32:KERNEL32.dll
 0002:000001d0       __imp_GetConsoleCP         00000001800121d0     kernel32:KERNEL32.dll
 0002:000001d8       __imp_GetConsoleMode       00000001800121d8     kernel32:KERNEL32.dll
 0002:000001e0       __imp_SetStdHandle         00000001800121e0     kernel32:KERNEL32.dll
 0002:000001e8       __imp_GetFileSizeEx        00000001800121e8     kernel32:KERNEL32.dll
 0002:000001f0       __imp_SetFilePointerEx     00000001800121f0     kernel32:KERNEL32.dll
 0002:000001f8       __imp_GetStringTypeW       00000001800121f8     kernel32:KERNEL32.dll
 0002:00000200       __imp_HeapSize             0000000180012200     kernel32:KERNEL32.dll
 0002:00000208       __imp_HeapReAlloc          0000000180012208     kernel32:KERNEL32.dll
 0002:00000210       __imp_CloseHandle          0000000180012210     kernel32:KERNEL32.dll
 0002:00000218       __imp_CreateFileW          0000000180012218     kernel32:KERNEL32.dll
 0002:00000220       __imp_WriteConsoleW        0000000180012220     kernel32:KERNEL32.dll
 0002:00000228       __imp_GetSystemInfo        0000000180012228     kernel32:KERNEL32.dll
 0002:00000230       __imp_VirtualProtect       0000000180012230     kernel32:KERNEL32.dll
 0002:00000238       __imp_VirtualQuery         0000000180012238     kernel32:KERNEL32.dll
 0002:00000240       \177KERNEL32_NULL_THUNK_DATA 0000000180012240     kernel32:KERNEL32.dll
 0002:00000248       __guard_check_icall_fptr   0000000180012248     LIBCMT:guard_support.obj
 0002:00000250       __guard_dispatch_icall_fptr 0000000180012250     LIBCMT:guard_support.obj
 0002:00000258       __xc_a                     0000000180012258     LIBCMT:initializers.obj
 0002:00000260       _register_module_          0000000180012260     hello_world.obj
 0002:00000268       __xc_z                     0000000180012268     LIBCMT:initializers.obj
 0002:00000270       __xi_a                     0000000180012270     LIBCMT:initializers.obj
 0002:00000278       __acrt_stdio_initializer   0000000180012278     libucrt:stdio_initializer.obj
 0002:00000280       __acrt_multibyte_initializer 0000000180012280     libucrt:multibyte_initializer.obj
 0002:00000288       __acrt_tran_fma3_initializer 0000000180012288     libucrt:fma3_initializer.obj
 0002:00000290       __xi_z                     0000000180012290     LIBCMT:initializers.obj
 0002:00000298       __xp_a                     0000000180012298     LIBCMT:initializers.obj
 0002:000002a0       __acrt_locale_terminator   00000001800122a0     libucrt:locale_initializer.obj
 0002:000002a8       __dcrt_console_output_terminator 00000001800122a8     libucrt:console_output_initializer.obj
 0002:000002b0       __acrt_stdio_terminator    00000001800122b0     libucrt:stdio_initializer.obj
 0002:000002b8       __xp_z                     00000001800122b8     LIBCMT:initializers.obj
 0002:000002c0       __xt_a                     00000001800122c0     LIBCMT:initializers.obj
 0002:000002c8       __xt_z                     00000001800122c8     LIBCMT:initializers.obj
 0002:000002d0       __sz_node_exe              00000001800122d0     node:node.exe
 0002:000002e0       _pRawDllMain               00000001800122e0     LIBCMT:dll_dllmain.obj
 0002:000002e0       _pDefaultRawDllMain        00000001800122e0     LIBCMT:dll_dllmain.obj
 0002:000002f8       _pDestructExceptionObject  00000001800122f8     libvcruntime:ehhelpers.obj
 0002:00000638       ??_C@_08EHJDFFNH@__based?$CI@ 0000000180012638     libvcruntime:undname.obj
 0002:00000648       ??_C@_07KOLFKCDI@__cdecl@  0000000180012648     libvcruntime:undname.obj
 0002:00000650       ??_C@_08GHMPAG@__pascal@   0000000180012650     libvcruntime:undname.obj
 0002:00000660       ??_C@_09IFJBGAPI@__stdcall@ 0000000180012660     libvcruntime:undname.obj
 0002:00000670       ??_C@_0L@NPHFGOKO@__thiscall@ 0000000180012670     libvcruntime:undname.obj
 0002:00000680       ??_C@_0L@JMKHOMEK@__fastcall@ 0000000180012680     libvcruntime:undname.obj
 0002:00000690       ??_C@_0N@BCKKPABJ@__vectorcall@ 0000000180012690     libvcruntime:undname.obj
 0002:000006a0       ??_C@_09HIJEGCPM@__clrcall@ 00000001800126a0     libvcruntime:undname.obj
 0002:000006ac       ??_C@_06GHPCKEAG@__eabi@   00000001800126ac     libvcruntime:undname.obj
 0002:000006b8       ??_C@_09IOPIDJLG@__swift_1@ 00000001800126b8     libvcruntime:undname.obj
 0002:000006c8       ??_C@_09KFNFGKHF@__swift_2@ 00000001800126c8     libvcruntime:undname.obj
 0002:000006d8       ??_C@_07JOMMBBKO@__ptr64@  00000001800126d8     libvcruntime:undname.obj
 0002:000006e0       ??_C@_0L@PILCLIHE@__restrict@ 00000001800126e0     libvcruntime:undname.obj
 0002:000006f0       ??_C@_0M@GFIIJFMG@__unaligned@ 00000001800126f0     libvcruntime:undname.obj
 0002:00000700       ??_C@_09DHDLOLLB@restrict?$CI@ 0000000180012700     libvcruntime:undname.obj
 0002:0000070a       ??_C@_00CNPNBAHC@@         000000018001270a     libvcruntime:undname.obj
 0002:0000070c       ??_C@_04NIHEBCM@?5new@     000000018001270c     libvcruntime:undname.obj
 0002:00000718       ??_C@_07FPCDHGMM@?5delete@ 0000000180012718     libvcruntime:undname.obj
 0002:00000720       ??_C@_01NEMOKFLO@?$DN@     0000000180012720     libvcruntime:undname.obj
 0002:00000724       ??_C@_02GPIOPFAK@?$DO?$DO@ 0000000180012724     libvcruntime:undname.obj
 0002:00000728       ??_C@_02FODMEDOG@?$DM?$DM@ 0000000180012728     libvcruntime:undname.obj
 0002:0000072c       ??_C@_01DCLJPIOD@?$CB@     000000018001272c     libvcruntime:undname.obj
 0002:00000730       ??_C@_02EGOFBIJA@?$DN?$DN@ 0000000180012730     libvcruntime:undname.obj
 0002:00000734       ??_C@_02FDNJECIE@?$CB?$DN@ 0000000180012734     libvcruntime:undname.obj
 0002:00000738       ??_C@_02GPECMEKF@?$FL?$FN@ 0000000180012738     libvcruntime:undname.obj
 0002:00000740       ??_C@_08LHJFAFGD@operator@ 0000000180012740     libvcruntime:undname.obj
 0002:0000074c       ??_C@_02HBOOOICD@?9?$DO@   000000018001274c     libvcruntime:undname.obj
 0002:00000750       ??_C@_01NBENCBCI@?$CK@     0000000180012750     libvcruntime:undname.obj
 0002:00000754       ??_C@_02ECNGHCIF@?$CL?$CL@ 0000000180012754     libvcruntime:undname.obj
 0002:00000758       ??_C@_02BAABKJLB@?9?9@     0000000180012758     libvcruntime:undname.obj
 0002:0000075c       ??_C@_01JOAMLHOP@?9@       000000018001275c     libvcruntime:undname.obj
 0002:00000760       ??_C@_01MIFGBAGJ@?$CL@     0000000180012760     libvcruntime:undname.obj
 0002:00000764       ??_C@_01HNPIGOCE@?$CG@     0000000180012764     libvcruntime:undname.obj
 0002:00000768       ??_C@_03MNHNFDLC@?9?$DO?$CK@ 0000000180012768     libvcruntime:undname.obj
 0002:0000076c       ??_C@_01KMDKNFGN@?1@       000000018001276c     libvcruntime:undname.obj
 0002:00000770       ??_C@_01FGNFDNOH@?$CF@     0000000180012770     libvcruntime:undname.obj
 0002:00000774       ??_C@_01MNNFJEPP@?$DM@     0000000180012774     libvcruntime:undname.obj
 0002:00000778       ??_C@_02EHCHHCKH@?$DM?$DN@ 0000000180012778     libvcruntime:undname.obj
 0002:0000077c       ??_C@_01PPODPGHN@?$DO@     000000018001277c     libvcruntime:undname.obj
 0002:00000780       ??_C@_02EEKDKGMJ@?$DO?$DN@ 0000000180012780     libvcruntime:undname.obj
 0002:00000784       ??_C@_01IHBHIGKO@?0@       0000000180012784     libvcruntime:undname.obj
 0002:00000788       ??_C@_02HCKGKOFO@?$CI?$CJ@ 0000000180012788     libvcruntime:undname.obj
 0002:0000078c       ??_C@_01PJKLJHI@?$HO@      000000018001278c     libvcruntime:undname.obj
 0002:00000790       ??_C@_01JKBOJNNK@?$FO@     0000000180012790     libvcruntime:undname.obj
 0002:00000794       ??_C@_01DNKMNLPK@?$HM@     0000000180012794     libvcruntime:undname.obj
 0002:00000798       ??_C@_02PPKAJPJL@?$CG?$CG@ 0000000180012798     libvcruntime:undname.obj
 0002:0000079c       ??_C@_02NONPIBCD@?$HM?$HM@ 000000018001279c     libvcruntime:undname.obj
 0002:000007a0       ??_C@_02FPIMKNGF@?$CK?$DN@ 00000001800127a0     libvcruntime:undname.obj
 0002:000007a4       ??_C@_02FOEOMHFC@?$CL?$DN@ 00000001800127a4     libvcruntime:undname.obj
 0002:000007a8       ??_C@_02FKMDLLOA@?9?$DN@   00000001800127a8     libvcruntime:undname.obj
 0002:000007ac       ??_C@_02FJEHGPIO@?1?$DN@   00000001800127ac     libvcruntime:undname.obj
 0002:000007b0       ??_C@_02FENAOKFI@?$CF?$DN@ 00000001800127b0     libvcruntime:undname.obj
 0002:000007b4       ??_C@_03IKFCCPFF@?$DO?$DO?$DN@ 00000001800127b4     libvcruntime:undname.obj
 0002:000007b8       ??_C@_03CDNPDDLA@?$DM?$DM?$DN@ 00000001800127b8     libvcruntime:undname.obj
 0002:000007bc       ??_C@_02FGJGFEAB@?$CG?$DN@ 00000001800127bc     libvcruntime:undname.obj
 0002:000007c0       ??_C@_02DHLNPPGH@?$HM?$DN@ 00000001800127c0     libvcruntime:undname.obj
 0002:000007c4       ??_C@_02MHEGNOJ@?$FO?$DN@  00000001800127c4     libvcruntime:undname.obj
 0002:000007c8       ??_C@_09IFPLHPGF@?$GAvftable?8@ 00000001800127c8     libvcruntime:undname.obj
 0002:000007d8       ??_C@_09BLBHBJP@?$GAvbtable?8@ 00000001800127d8     libvcruntime:undname.obj
 0002:000007e8       ??_C@_07FEEIOKP@?$GAvcall?8@ 00000001800127e8     libvcruntime:undname.obj
 0002:000007f0       ??_C@_08LLFFHHDJ@?$GAtypeof?8@ 00000001800127f0     libvcruntime:undname.obj
 0002:00000800       ??_C@_0BF@KDPPACIK@?$GAlocal?5static?5guard?8@ 0000000180012800     libvcruntime:undname.obj
 0002:00000818       ??_C@_08OBABFOLI@?$GAstring?8@ 0000000180012818     libvcruntime:undname.obj
 0002:00000828       ??_C@_0BD@JDLKDPAB@?$GAvbase?5destructor?8@ 0000000180012828     libvcruntime:undname.obj
 0002:00000840       ??_C@_0BN@DEGPLNFK@?$GAvector?5deleting?5destructor?8@ 0000000180012840     libvcruntime:undname.obj
 0002:00000860       ??_C@_0BO@OBMKPJIG@?$GAdefault?5constructor?5closure?8@ 0000000180012860     libvcruntime:undname.obj
 0002:00000880       ??_C@_0BN@IMDCHIKM@?$GAscalar?5deleting?5destructor?8@ 0000000180012880     libvcruntime:undname.obj
 0002:000008a0       ??_C@_0BO@PFGOCPJJ@?$GAvector?5constructor?5iterator?8@ 00000001800128a0     libvcruntime:undname.obj
 0002:000008c0       ??_C@_0BN@LFPFMEDL@?$GAvector?5destructor?5iterator?8@ 00000001800128c0     libvcruntime:undname.obj
 0002:000008e0       ??_C@_0CE@IKBNEHA@?$GAvector?5vbase?5constructor?5itera@ 00000001800128e0     libvcruntime:undname.obj
 0002:00000908       ??_C@_0BL@NILFHHPC@?$GAvirtual?5displacement?5map?8@ 0000000180012908     libvcruntime:undname.obj
 0002:00000928       ??_C@_0CB@JONCMFFK@?$GAeh?5vector?5constructor?5iterator@ 0000000180012928     libvcruntime:undname.obj
 0002:00000950       ??_C@_0CA@GCEOPDGL@?$GAeh?5vector?5destructor?5iterator?8@ 0000000180012950     libvcruntime:undname.obj
 0002:00000970       ??_C@_0CH@OOJPLCPH@?$GAeh?5vector?5vbase?5constructor?5it@ 0000000180012970     libvcruntime:undname.obj
 0002:00000998       ??_C@_0BL@LLKPOHJI@?$GAcopy?5constructor?5closure?8@ 0000000180012998     libvcruntime:undname.obj
 0002:000009b8       ??_C@_0BA@KBCDOMBN@?$GAudt?5returning?8@ 00000001800129b8     libvcruntime:undname.obj
 0002:000009c8       ??_C@_03KLGMFNMG@?$GAEH@   00000001800129c8     libvcruntime:undname.obj
 0002:000009cc       ??_C@_05KHLCHHI@?$GARTTI@  00000001800129cc     libvcruntime:undname.obj
 0002:000009d8       ??_C@_0BA@KKLDJDLB@?$GAlocal?5vftable?8@ 00000001800129d8     libvcruntime:undname.obj
 0002:000009e8       ??_C@_0CE@IIHCMGGL@?$GAlocal?5vftable?5constructor?5clos@ 00000001800129e8     libvcruntime:undname.obj
 0002:00000a0c       ??_C@_06FHBGPFGH@?5new?$FL?$FN@ 0000000180012a0c     libvcruntime:undname.obj
 0002:00000a18       ??_C@_09LBNFPBCA@?5delete?$FL?$FN@ 0000000180012a18     libvcruntime:undname.obj
 0002:00000a28       ??_C@_0P@HJKNJFNN@?$GAomni?5callsig?8@ 0000000180012a28     libvcruntime:undname.obj
 0002:00000a38       ??_C@_0BL@CNOONJFP@?$GAplacement?5delete?5closure?8@ 0000000180012a38     libvcruntime:undname.obj
 0002:00000a58       ??_C@_0BN@CKNJLHMB@?$GAplacement?5delete?$FL?$FN?5closure?8@ 0000000180012a58     libvcruntime:undname.obj
 0002:00000a78       ??_C@_0CG@CFDHKGGD@?$GAmanaged?5vector?5constructor?5ite@ 0000000180012a78     libvcruntime:undname.obj
 0002:00000aa0       ??_C@_0CF@IMGKMJNO@?$GAmanaged?5vector?5destructor?5iter@ 0000000180012aa0     libvcruntime:undname.obj
 0002:00000ac8       ??_C@_0CG@HLDDJMAG@?$GAeh?5vector?5copy?5constructor?5ite@ 0000000180012ac8     libvcruntime:undname.obj
 0002:00000af0       ??_C@_0CM@FCBBDIGB@?$GAeh?5vector?5vbase?5copy?5construct@ 0000000180012af0     libvcruntime:undname.obj
 0002:00000b20       ??_C@_0BL@CLIPGLGB@?$GAdynamic?5initializer?5for?5?8@ 0000000180012b20     libvcruntime:undname.obj
 0002:00000b40       ??_C@_0CB@PDBIFEP@?$GAdynamic?5atexit?5destructor?5for?5@ 0000000180012b40     libvcruntime:undname.obj
 0002:00000b68       ??_C@_0CD@CGAJBKEJ@?$GAvector?5copy?5constructor?5iterat@ 0000000180012b68     libvcruntime:undname.obj
 0002:00000b90       ??_C@_0CJ@GJELGAMM@?$GAvector?5vbase?5copy?5constructor?5@ 0000000180012b90     libvcruntime:undname.obj
 0002:00000bc0       ??_C@_0CL@FGIJHLCE@?$GAmanaged?5vector?5copy?5constructo@ 0000000180012bc0     libvcruntime:undname.obj
 0002:00000bf0       ??_C@_0BM@PMGGMLDN@?$GAlocal?5static?5thread?5guard?8@ 0000000180012bf0     libvcruntime:undname.obj
 0002:00000c10       ??_C@_0N@BDNMDMOL@operator?5?$CC?$CC?5@ 0000000180012c10     libvcruntime:undname.obj
 0002:00000c20       ??_C@_0BC@GGEBGALA@operator?5co_await@ 0000000180012c20     libvcruntime:undname.obj
 0002:00000c38       ??_C@_0BC@DAFEJGAK@?5Type?5Descriptor?8@ 0000000180012c38     libvcruntime:undname.obj
 0002:00000c50       ??_C@_0BM@LDKODKLH@?5Base?5Class?5Descriptor?5at?5?$CI@ 0000000180012c50     libvcruntime:undname.obj
 0002:00000c70       ??_C@_0BD@LGICGFMM@?5Base?5Class?5Array?8@ 0000000180012c70     libvcruntime:undname.obj
 0002:00000c88       ??_C@_0BN@MECKDCOJ@?5Class?5Hierarchy?5Descriptor?8@ 0000000180012c88     libvcruntime:undname.obj
 0002:00000ca8       ??_C@_0BK@CFCOFLF@?5Complete?5Object?5Locator?8@ 0000000180012ca8     libvcruntime:undname.obj
 0002:00000ce0       ??_C@_1DM@KHCHBNEB@?$AAa?$AAp?$AAi?$AA?9?$AAm?$AAs?$AA?9?$AAw?$AAi?$AAn?$AA?9?$AAc?$AAo?$AAr?$AAe@ 0000000180012ce0     libvcruntime:winapi_downlevel.obj
 0002:00000d20       ??_C@_1DK@LPPGFMPP@?$AAa?$AAp?$AAi?$AA?9?$AAm?$AAs?$AA?9?$AAw?$AAi?$AAn?$AA?9?$AAc?$AAo?$AAr?$AAe@ 0000000180012d20     libvcruntime:winapi_downlevel.obj
 0002:00000d60       ??_C@_1BC@GDMECMAK@?$AAk?$AAe?$AAr?$AAn?$AAe?$AAl?$AA3?$AA2@ 0000000180012d60     libvcruntime:winapi_downlevel.obj
 0002:00000d78       ??_C@_1BA@PFFKHIOG@?$AAa?$AAp?$AAi?$AA?9?$AAm?$AAs?$AA?9@ 0000000180012d78     libvcruntime:winapi_downlevel.obj
 0002:00000d88       ??_C@_1BA@IAIFMGEF@?$AAe?$AAx?$AAt?$AA?9?$AAm?$AAs?$AA?9@ 0000000180012d88     libvcruntime:winapi_downlevel.obj
 0002:00000da0       ??_C@_08KNHFBNJ@FlsAlloc@  0000000180012da0     libvcruntime:winapi_downlevel.obj
 0002:00000db8       ??_C@_07PEJMOBNF@FlsFree@  0000000180012db8     libvcruntime:winapi_downlevel.obj
 0002:00000dc8       ??_C@_0M@GDNOONDI@FlsGetValue@ 0000000180012dc8     libvcruntime:winapi_downlevel.obj
 0002:00000de0       ??_C@_0M@JCPCPOEF@FlsSetValue@ 0000000180012de0     libvcruntime:winapi_downlevel.obj
 0002:00000df8       ??_C@_0BM@HCFOFFN@InitializeCriticalSectionEx@ 0000000180012df8     libvcruntime:winapi_downlevel.obj
 0002:00000e20       standard_lookup_table      0000000180012e20     libucrt:output.obj
 0002:00000e80       ??_C@_1O@CEDCILHN@?$AA?$CI?$AAn?$AAu?$AAl?$AAl?$AA?$CJ?$AA?$AA@ 0000000180012e80     libucrt:output.obj
 0002:00000e90       ??_C@_06OJHGLDPL@?$CInull?$CJ?$AA@ 0000000180012e90     libucrt:output.obj
 0002:00000ea0       __acrt_exception_action_table 0000000180012ea0     libucrt:exception_filter.obj
 0002:00000f60       __acrt_signal_action_table_count 0000000180012f60     libucrt:exception_filter.obj
 0002:00000f68       __acrt_signal_action_first_fpe_index 0000000180012f68     libucrt:exception_filter.obj
 0002:00000f70       __acrt_signal_action_fpe_count 0000000180012f70     libucrt:exception_filter.obj
 0002:00000f78       ??_C@_1BI@BGOHAHKC@?$AAm?$AAs?$AAc?$AAo?$AAr?$AAe?$AAe?$AA?4?$AAd?$AAl?$AAl?$AA?$AA@ 0000000180012f78     libucrt:exit.obj
 0002:00000f90       ??_C@_0P@MIGLKIOC@CorExitProcess?$AA@ 0000000180012f90     libucrt:exit.obj
 0002:000012b0       ??_C@_1EA@JGEFHKEI@?$AAa?$AAp?$AAi?$AA?9?$AAm?$AAs?$AA?9?$AAw?$AAi?$AAn?$AA?9?$AAc?$AAo?$AAr?$AAe?$AA?9?$AAd?$AAa?$AAt?$AAe?$AAt?$AAi?$AAm?$AAe?$AA?9?$AAl?$AA1?$AA?9?$AA1?$AA?9?$AA1?$AA?$AA@ 00000001800132b0     libucrt:winapi_thunks.obj
 0002:000012f0       ??_C@_1DM@KHCHBNEB@?$AAa?$AAp?$AAi?$AA?9?$AAm?$AAs?$AA?9?$AAw?$AAi?$AAn?$AA?9?$AAc?$AAo?$AAr?$AAe?$AA?9?$AAf?$AAi?$AAb?$AAe?$AAr?$AAs?$AA?9?$AAl?$AA1?$AA?9?$AA1?$AA?9?$AA1?$AA?$AA@ 00000001800132f0     libucrt:winapi_thunks.obj
 0002:00001330       ??_C@_1DI@IJCEHOCB@?$AAa?$AAp?$AAi?$AA?9?$AAm?$AAs?$AA?9?$AAw?$AAi?$AAn?$AA?9?$AAc?$AAo?$AAr?$AAe?$AA?9?$AAf?$AAi?$AAl?$AAe?$AA?9?$AAl?$AA1?$AA?9?$AA2?$AA?9?$AA2?$AA?$AA@ 0000000180013330     libucrt:winapi_thunks.obj
 0002:00001370       ??_C@_1EI@MPIAOHOC@?$AAa?$AAp?$AAi?$AA?9?$AAm?$AAs?$AA?9?$AAw?$AAi?$AAn?$AA?9?$AAc?$AAo?$AAr?$AAe?$AA?9?$AAl?$AAo?$AAc?$AAa?$AAl?$AAi?$AAz?$AAa?$AAt?$AAi?$AAo?$AAn?$AA?9?$AAl?$AA1?$AA?9@ 0000000180013370     libucrt:winapi_thunks.obj
 0002:000013c0       ??_C@_1FK@FPHCKFIE@?$AAa?$AAp?$AAi?$AA?9?$AAm?$AAs?$AA?9?$AAw?$AAi?$AAn?$AA?9?$AAc?$AAo?$AAr?$AAe?$AA?9?$AAl?$AAo?$AAc?$AAa?$AAl?$AAi?$AAz?$AAa?$AAt?$AAi?$AAo?$AAn?$AA?9?$AAo?$AAb?$AAs@ 00000001800133c0     libucrt:winapi_thunks.obj
 0002:00001420       ??_C@_1EM@DILCGIIO@?$AAa?$AAp?$AAi?$AA?9?$AAm?$AAs?$AA?9?$AAw?$AAi?$AAn?$AA?9?$AAc?$AAo?$AAr?$AAe?$AA?9?$AAp?$AAr?$AAo?$AAc?$AAe?$AAs?$AAs?$AAt?$AAh?$AAr?$AAe?$AAa?$AAd?$AAs?$AA?9?$AAl@ 0000000180013420     libucrt:winapi_thunks.obj
 0002:00001470       ??_C@_1DM@LNCGDDPN@?$AAa?$AAp?$AAi?$AA?9?$AAm?$AAs?$AA?9?$AAw?$AAi?$AAn?$AA?9?$AAc?$AAo?$AAr?$AAe?$AA?9?$AAs?$AAt?$AAr?$AAi?$AAn?$AAg?$AA?9?$AAl?$AA1?$AA?9?$AA1?$AA?9?$AA0?$AA?$AA@ 0000000180013470     libucrt:winapi_thunks.obj
 0002:000014b0       ??_C@_1DK@LPPGFMPP@?$AAa?$AAp?$AAi?$AA?9?$AAm?$AAs?$AA?9?$AAw?$AAi?$AAn?$AA?9?$AAc?$AAo?$AAr?$AAe?$AA?9?$AAs?$AAy?$AAn?$AAc?$AAh?$AA?9?$AAl?$AA1?$AA?9?$AA2?$AA?9?$AA0?$AA?$AA@ 00000001800134b0     libucrt:winapi_thunks.obj
 0002:000014f0       ??_C@_1DO@FPAPJEMD@?$AAa?$AAp?$AAi?$AA?9?$AAm?$AAs?$AA?9?$AAw?$AAi?$AAn?$AA?9?$AAc?$AAo?$AAr?$AAe?$AA?9?$AAs?$AAy?$AAs?$AAi?$AAn?$AAf?$AAo?$AA?9?$AAl?$AA1?$AA?9?$AA2?$AA?9?$AA1?$AA?$AA@ 00000001800134f0     libucrt:winapi_thunks.obj
 0002:00001530       ??_C@_1DK@NDHNAHIO@?$AAa?$AAp?$AAi?$AA?9?$AAm?$AAs?$AA?9?$AAw?$AAi?$AAn?$AA?9?$AAc?$AAo?$AAr?$AAe?$AA?9?$AAw?$AAi?$AAn?$AAr?$AAt?$AA?9?$AAl?$AA1?$AA?9?$AA1?$AA?9?$AA0?$AA?$AA@ 0000000180013530     libucrt:winapi_thunks.obj
 0002:00001570       ??_C@_1DM@KGHDGBCM@?$AAa?$AAp?$AAi?$AA?9?$AAm?$AAs?$AA?9?$AAw?$AAi?$AAn?$AA?9?$AAc?$AAo?$AAr?$AAe?$AA?9?$AAx?$AAs?$AAt?$AAa?$AAt?$AAe?$AA?9?$AAl?$AA2?$AA?9?$AA1?$AA?9?$AA0?$AA?$AA@ 0000000180013570     libucrt:winapi_thunks.obj
 0002:000015b0       ??_C@_1EO@IJIOEFOH@?$AAa?$AAp?$AAi?$AA?9?$AAm?$AAs?$AA?9?$AAw?$AAi?$AAn?$AA?9?$AAr?$AAt?$AAc?$AAo?$AAr?$AAe?$AA?9?$AAn?$AAt?$AAu?$AAs?$AAe?$AAr?$AA?9?$AAw?$AAi?$AAn?$AAd?$AAo?$AAw?$AA?9@ 00000001800135b0     libucrt:winapi_thunks.obj
 0002:00001600       ??_C@_1FG@HHGEKANL@?$AAa?$AAp?$AAi?$AA?9?$AAm?$AAs?$AA?9?$AAw?$AAi?$AAn?$AA?9?$AAs?$AAe?$AAc?$AAu?$AAr?$AAi?$AAt?$AAy?$AA?9?$AAs?$AAy?$AAs?$AAt?$AAe?$AAm?$AAf?$AAu?$AAn?$AAc?$AAt?$AAi@ 0000000180013600     libucrt:winapi_thunks.obj
 0002:00001660       ??_C@_1EG@DBIOJECG@?$AAe?$AAx?$AAt?$AA?9?$AAm?$AAs?$AA?9?$AAw?$AAi?$AAn?$AA?9?$AAn?$AAt?$AAu?$AAs?$AAe?$AAr?$AA?9?$AAd?$AAi?$AAa?$AAl?$AAo?$AAg?$AAb?$AAo?$AAx?$AA?9?$AAl?$AA1?$AA?9?$AA1@ 0000000180013660     libucrt:winapi_thunks.obj
 0002:000016b0       ??_C@_1EO@FIHMJCLF@?$AAe?$AAx?$AAt?$AA?9?$AAm?$AAs?$AA?9?$AAw?$AAi?$AAn?$AA?9?$AAn?$AAt?$AAu?$AAs?$AAe?$AAr?$AA?9?$AAw?$AAi?$AAn?$AAd?$AAo?$AAw?$AAs?$AAt?$AAa?$AAt?$AAi?$AAo?$AAn?$AA?9@ 00000001800136b0     libucrt:winapi_thunks.obj
 0002:00001700       ??_C@_1BC@DNHGCMLG@?$AAa?$AAd?$AAv?$AAa?$AAp?$AAi?$AA3?$AA2?$AA?$AA@ 0000000180013700     libucrt:winapi_thunks.obj
 0002:00001718       ??_C@_1BC@GDMECMAK@?$AAk?$AAe?$AAr?$AAn?$AAe?$AAl?$AA3?$AA2?$AA?$AA@ 0000000180013718     libucrt:winapi_thunks.obj
 0002:00001730       ??_C@_1M@OAIMIKLP@?$AAn?$AAt?$AAd?$AAl?$AAl?$AA?$AA@ 0000000180013730     libucrt:winapi_thunks.obj
 0002:00001740       ??_C@_1EG@DPGNFKGC@?$AAa?$AAp?$AAi?$AA?9?$AAm?$AAs?$AA?9?$AAw?$AAi?$AAn?$AA?9?$AAa?$AAp?$AAp?$AAm?$AAo?$AAd?$AAe?$AAl?$AA?9?$AAr?$AAu?$AAn?$AAt?$AAi?$AAm?$AAe?$AA?9?$AAl?$AA1?$AA?9?$AA1@ 0000000180013740     libucrt:winapi_thunks.obj
 0002:00001788       ??_C@_1O@BCCLBEOE@?$AAu?$AAs?$AAe?$AAr?$AA3?$AA2?$AA?$AA@ 0000000180013788     libucrt:winapi_thunks.obj
 0002:00001798       ??_C@_1BA@PFFKHIOG@?$AAa?$AAp?$AAi?$AA?9?$AAm?$AAs?$AA?9?$AA?$AA@ 0000000180013798     libucrt:winapi_thunks.obj
 0002:000017a8       ??_C@_1BA@IAIFMGEF@?$AAe?$AAx?$AAt?$AA?9?$AAm?$AAs?$AA?9?$AA?$AA@ 00000001800137a8     libucrt:winapi_thunks.obj
 0002:000017c0       ??_C@_0BA@FHFNEAED@AreFileApisANSI?$AA@ 00000001800137c0     libucrt:winapi_thunks.obj
 0002:000017d8       ??_C@_08KNHFBNJ@FlsAlloc?$AA@ 00000001800137d8     libucrt:winapi_thunks.obj
 0002:000017f0       ??_C@_07PEJMOBNF@FlsFree?$AA@ 00000001800137f0     libucrt:winapi_thunks.obj
 0002:00001800       ??_C@_0M@GDNOONDI@FlsGetValue?$AA@ 0000000180013800     libucrt:winapi_thunks.obj
 0002:00001818       ??_C@_0M@JCPCPOEF@FlsSetValue?$AA@ 0000000180013818     libucrt:winapi_thunks.obj
 0002:00001830       ??_C@_0BM@HCFOFFN@InitializeCriticalSectionEx?$AA@ 0000000180013830     libucrt:winapi_thunks.obj
 0002:00001858       ??_C@_0O@KKBNKAPF@LCMapStringEx?$AA@ 0000000180013858     libucrt:winapi_thunks.obj
 0002:00001870       ??_C@_0BB@HBDEELFH@LocaleNameToLCID?$AA@ 0000000180013870     libucrt:winapi_thunks.obj
 0002:00001888       ??_C@_0CF@OJOFEIGO@AppPolicyGetProcessTerminationMe@ 0000000180013888     libucrt:winapi_thunks.obj
 0002:000018b0       ??_C@_03OEIAHPBN@INF?$AA@  00000001800138b0     libucrt:cvt.obj
 0002:000018b4       ??_C@_03OJHLLCGB@inf?$AA@  00000001800138b4     libucrt:cvt.obj
 0002:000018b8       ??_C@_03LKNCIKJB@NAN?$AA@  00000001800138b8     libucrt:cvt.obj
 0002:000018bc       ??_C@_03LHCJEHON@nan?$AA@  00000001800138bc     libucrt:cvt.obj
 0002:000018c0       ??_C@_09OFJJIMPC@NAN?$CISNAN?$CJ?$AA@ 00000001800138c0     libucrt:cvt.obj
 0002:000018d0       ??_C@_09IPFBKMDL@nan?$CIsnan?$CJ?$AA@ 00000001800138d0     libucrt:cvt.obj
 0002:000018e0       ??_C@_08IKHNHAJ@NAN?$CIIND?$CJ?$AA@ 00000001800138e0     libucrt:cvt.obj
 0002:000018f0       ??_C@_08OFCDMILK@nan?$CIind?$CJ?$AA@ 00000001800138f0     libucrt:cvt.obj
 0002:000018fc       ??_C@_05KLBDPFGC@e?$CL000?$AA@ 00000001800138fc     libucrt:cvt.obj
 0002:00001910       __lc_time_c                0000000180013910     libucrt:nlsdata.obj
 0002:00001bd0       ??_C@_03KOEHGMDN@Sun?$AA@  0000000180013bd0     libucrt:nlsdata.obj
 0002:00001bd4       ??_C@_03PDAGKDH@Mon?$AA@   0000000180013bd4     libucrt:nlsdata.obj
 0002:00001bd8       ??_C@_03NAGEINEP@Tue?$AA@  0000000180013bd8     libucrt:nlsdata.obj
 0002:00001bdc       ??_C@_03MHOMLAJA@Wed?$AA@  0000000180013bdc     libucrt:nlsdata.obj
 0002:00001be0       ??_C@_03IOFIKPDN@Thu?$AA@  0000000180013be0     libucrt:nlsdata.obj
 0002:00001be4       ??_C@_03IDIOELNC@Fri?$AA@  0000000180013be4     libucrt:nlsdata.obj
 0002:00001be8       ??_C@_03FEFJNEK@Sat?$AA@   0000000180013be8     libucrt:nlsdata.obj
 0002:00001bec       ??_C@_06OOPIFAJ@Sunday?$AA@ 0000000180013bec     libucrt:nlsdata.obj
 0002:00001bf4       ??_C@_06JLEDEDGH@Monday?$AA@ 0000000180013bf4     libucrt:nlsdata.obj
 0002:00001c00       ??_C@_07BAAGCFCM@Tuesday?$AA@ 0000000180013c00     libucrt:nlsdata.obj
 0002:00001c08       ??_C@_09DLIGFAKA@Wednesday?$AA@ 0000000180013c08     libucrt:nlsdata.obj
 0002:00001c18       ??_C@_08HACCIKIA@Thursday?$AA@ 0000000180013c18     libucrt:nlsdata.obj
 0002:00001c24       ??_C@_06JECMNKMI@Friday?$AA@ 0000000180013c24     libucrt:nlsdata.obj
 0002:00001c30       ??_C@_08INBOOONO@Saturday?$AA@ 0000000180013c30     libucrt:nlsdata.obj
 0002:00001c3c       ??_C@_03JIHJHPIE@Jan?$AA@  0000000180013c3c     libucrt:nlsdata.obj
 0002:00001c40       ??_C@_03HJBDCHOM@Feb?$AA@  0000000180013c40     libucrt:nlsdata.obj
 0002:00001c44       ??_C@_03ODNJBKGA@Mar?$AA@  0000000180013c44     libucrt:nlsdata.obj
 0002:00001c48       ??_C@_03LEOLGMJP@Apr?$AA@  0000000180013c48     libucrt:nlsdata.obj
 0002:00001c4c       ??_C@_03CNMDKL@May?$AA@    0000000180013c4c     libucrt:nlsdata.obj
 0002:00001c50       ??_C@_03IDFGHECI@Jun?$AA@  0000000180013c50     libucrt:nlsdata.obj
 0002:00001c54       ??_C@_03LBGABGKK@Jul?$AA@  0000000180013c54     libucrt:nlsdata.obj
 0002:00001c58       ??_C@_03IFJFEIGA@Aug?$AA@  0000000180013c58     libucrt:nlsdata.obj
 0002:00001c5c       ??_C@_03GGCAPAJC@Sep?$AA@  0000000180013c5c     libucrt:nlsdata.obj
 0002:00001c60       ??_C@_03BMAOKBAD@Oct?$AA@  0000000180013c60     libucrt:nlsdata.obj
 0002:00001c64       ??_C@_03JPJOFNIA@Nov?$AA@  0000000180013c64     libucrt:nlsdata.obj
 0002:00001c68       ??_C@_03MKABNOCG@Dec?$AA@  0000000180013c68     libucrt:nlsdata.obj
 0002:00001c70       ??_C@_07CGJPFGJA@January?$AA@ 0000000180013c70     libucrt:nlsdata.obj
 0002:00001c78       ??_C@_08GNJGEPFN@February?$AA@ 0000000180013c78     libucrt:nlsdata.obj
 0002:00001c84       ??_C@_05HPCKOFNC@March?$AA@ 0000000180013c84     libucrt:nlsdata.obj
 0002:00001c8c       ??_C@_05DMJDNLEJ@April?$AA@ 0000000180013c8c     libucrt:nlsdata.obj
 0002:00001c94       ??_C@_04CNLMGBGM@June?$AA@ 0000000180013c94     libucrt:nlsdata.obj
 0002:00001c9c       ??_C@_04MIEPOIFP@July?$AA@ 0000000180013c9c     libucrt:nlsdata.obj
 0002:00001ca4       ??_C@_06LBBHFDDG@August?$AA@ 0000000180013ca4     libucrt:nlsdata.obj
 0002:00001cb0       ??_C@_09BHHEALKD@September?$AA@ 0000000180013cb0     libucrt:nlsdata.obj
 0002:00001cc0       ??_C@_07JJNFCEND@October?$AA@ 0000000180013cc0     libucrt:nlsdata.obj
 0002:00001cc8       ??_C@_08HCHEGEOA@November?$AA@ 0000000180013cc8     libucrt:nlsdata.obj
 0002:00001cd8       ??_C@_08EDHMEBNP@December?$AA@ 0000000180013cd8     libucrt:nlsdata.obj
 0002:00001ce4       ??_C@_02DEDBPAFC@AM?$AA@   0000000180013ce4     libucrt:nlsdata.obj
 0002:00001ce8       ??_C@_02CJNFDJBF@PM?$AA@   0000000180013ce8     libucrt:nlsdata.obj
 0002:00001cf0       ??_C@_08BPBNCDIB@MM?1dd?1yy?$AA@ 0000000180013cf0     libucrt:nlsdata.obj
 0002:00001d00       ??_C@_0BE@CKGJFCPC@dddd?0?5MMMM?5dd?0?5yyyy?$AA@ 0000000180013d00     libucrt:nlsdata.obj
 0002:00001d18       ??_C@_08JCCMCCIL@HH?3mm?3ss?$AA@ 0000000180013d18     libucrt:nlsdata.obj
 0002:00001d28       ??_C@_17MBGCMIPB@?$AAS?$AAu?$AAn?$AA?$AA@ 0000000180013d28     libucrt:nlsdata.obj
 0002:00001d30       ??_C@_17KBOMKBF@?$AAM?$AAo?$AAn?$AA?$AA@ 0000000180013d30     libucrt:nlsdata.obj
 0002:00001d38       ??_C@_17BMKGEGOJ@?$AAT?$AAu?$AAe?$AA?$AA@ 0000000180013d38     libucrt:nlsdata.obj
 0002:00001d40       ??_C@_17CJEDCEPE@?$AAW?$AAe?$AAd?$AA?$AA@ 0000000180013d40     libucrt:nlsdata.obj
 0002:00001d48       ??_C@_17PDPHAADD@?$AAT?$AAh?$AAu?$AA?$AA@ 0000000180013d48     libucrt:nlsdata.obj
 0002:00001d50       ??_C@_17HFOLPPLP@?$AAF?$AAr?$AAi?$AA?$AA@ 0000000180013d50     libucrt:nlsdata.obj
 0002:00001d58       ??_C@_17GGIBDPIH@?$AAS?$AAa?$AAt?$AA?$AA@ 0000000180013d58     libucrt:nlsdata.obj
 0002:00001d60       ??_C@_1O@IHNHDHPB@?$AAS?$AAu?$AAn?$AAd?$AAa?$AAy?$AA?$AA@ 0000000180013d60     libucrt:nlsdata.obj
 0002:00001d70       ??_C@_1O@MMNBFLIA@?$AAM?$AAo?$AAn?$AAd?$AAa?$AAy?$AA?$AA@ 0000000180013d70     libucrt:nlsdata.obj
 0002:00001d80       ??_C@_1BA@ENFBFFEK@?$AAT?$AAu?$AAe?$AAs?$AAd?$AAa?$AAy?$AA?$AA@ 0000000180013d80     libucrt:nlsdata.obj
 0002:00001d90       ??_C@_1BE@EBOGMDOH@?$AAW?$AAe?$AAd?$AAn?$AAe?$AAs?$AAd?$AAa?$AAy?$AA?$AA@ 0000000180013d90     libucrt:nlsdata.obj
 0002:00001da8       ??_C@_1BC@HHMNLIHE@?$AAT?$AAh?$AAu?$AAr?$AAs?$AAd?$AAa?$AAy?$AA?$AA@ 0000000180013da8     libucrt:nlsdata.obj
 0002:00001dc0       ??_C@_1O@PDICJHAG@?$AAF?$AAr?$AAi?$AAd?$AAa?$AAy?$AA?$AA@ 0000000180013dc0     libucrt:nlsdata.obj
 0002:00001dd0       ??_C@_1BC@ENMNNPAJ@?$AAS?$AAa?$AAt?$AAu?$AAr?$AAd?$AAa?$AAy?$AA?$AA@ 0000000180013dd0     libucrt:nlsdata.obj
 0002:00001de8       ??_C@_17DKNBKCHM@?$AAJ?$AAa?$AAn?$AA?$AA@ 0000000180013de8     libucrt:nlsdata.obj
 0002:00001df0       ??_C@_17LMDJEKJN@?$AAF?$AAe?$AAb?$AA?$AA@ 0000000180013df0     libucrt:nlsdata.obj
 0002:00001df8       ??_C@_17CKNLEDEC@?$AAM?$AAa?$AAr?$AA?$AA@ 0000000180013df8     libucrt:nlsdata.obj
 0002:00001e00       ??_C@_17LFPOIHDD@?$AAA?$AAp?$AAr?$AA?$AA@ 0000000180013e00     libucrt:nlsdata.obj
 0002:00001e08       ??_C@_17PNNKMEED@?$AAM?$AAa?$AAy?$AA?$AA@ 0000000180013e08     libucrt:nlsdata.obj
 0002:00001e10       ??_C@_17KCJGOCPB@?$AAJ?$AAu?$AAn?$AA?$AA@ 0000000180013e10     libucrt:nlsdata.obj
 0002:00001e18       ??_C@_17IJPCKHK@?$AAJ?$AAu?$AAl?$AA?$AA@ 0000000180013e18     libucrt:nlsdata.obj
 0002:00001e20       ??_C@_17ICPELBCN@?$AAA?$AAu?$AAg?$AA?$AA@ 0000000180013e20     libucrt:nlsdata.obj
 0002:00001e28       ??_C@_17HCHCOKMG@?$AAS?$AAe?$AAp?$AA?$AA@ 0000000180013e28     libucrt:nlsdata.obj
 0002:00001e30       ??_C@_17FNLKOI@?$AAO?$AAc?$AAt?$AA?$AA@ 0000000180013e30     libucrt:nlsdata.obj
 0002:00001e38       ??_C@_17BBDMLCIG@?$AAN?$AAo?$AAv?$AA?$AA@ 0000000180013e38     libucrt:nlsdata.obj
 0002:00001e40       ??_C@_17EGKACKIF@?$AAD?$AAe?$AAc?$AA?$AA@ 0000000180013e40     libucrt:nlsdata.obj
 0002:00001e48       ??_C@_1BA@EFMEIEBA@?$AAJ?$AAa?$AAn?$AAu?$AAa?$AAr?$AAy?$AA?$AA@ 0000000180013e48     libucrt:nlsdata.obj
 0002:00001e58       ??_C@_1BC@JGDDFFAM@?$AAF?$AAe?$AAb?$AAr?$AAu?$AAa?$AAr?$AAy?$AA?$AA@ 0000000180013e58     libucrt:nlsdata.obj
 0002:00001e70       ??_C@_1M@IKEENEDF@?$AAM?$AAa?$AAr?$AAc?$AAh?$AA?$AA@ 0000000180013e70     libucrt:nlsdata.obj
 0002:00001e80       ??_C@_1M@GJNLMHFD@?$AAA?$AAp?$AAr?$AAi?$AAl?$AA?$AA@ 0000000180013e80     libucrt:nlsdata.obj
 0002:00001e90       ??_C@_19EPFLPGAP@?$AAJ?$AAu?$AAn?$AAe?$AA?$AA@ 0000000180013e90     libucrt:nlsdata.obj
 0002:00001ea0       ??_C@_19BIFMLPCD@?$AAJ?$AAu?$AAl?$AAy?$AA?$AA@ 0000000180013ea0     libucrt:nlsdata.obj
 0002:00001eb0       ??_C@_1O@PAHLKOAC@?$AAA?$AAu?$AAg?$AAu?$AAs?$AAt?$AA?$AA@ 0000000180013eb0     libucrt:nlsdata.obj
 0002:00001ec0       ??_C@_1BE@DKAAMBJL@?$AAS?$AAe?$AAp?$AAt?$AAe?$AAm?$AAb?$AAe?$AAr?$AA?$AA@ 0000000180013ec0     libucrt:nlsdata.obj
 0002:00001ed8       ??_C@_1BA@EPANDLNG@?$AAO?$AAc?$AAt?$AAo?$AAb?$AAe?$AAr?$AA?$AA@ 0000000180013ed8     libucrt:nlsdata.obj
 0002:00001ee8       ??_C@_1BC@BGLIFPF@?$AAN?$AAo?$AAv?$AAe?$AAm?$AAb?$AAe?$AAr?$AA?$AA@ 0000000180013ee8     libucrt:nlsdata.obj
 0002:00001f00       ??_C@_1BC@FEMKIFH@?$AAD?$AAe?$AAc?$AAe?$AAm?$AAb?$AAe?$AAr?$AA?$AA@ 0000000180013f00     libucrt:nlsdata.obj
 0002:00001f14       ??_C@_15ODEHAHHF@?$AAA?$AAM?$AA?$AA@ 0000000180013f14     libucrt:nlsdata.obj
 0002:00001f1c       ??_C@_15CLMNNGEL@?$AAP?$AAM?$AA?$AA@ 0000000180013f1c     libucrt:nlsdata.obj
 0002:00001f28       ??_C@_1BC@IEBCMHCM@?$AAM?$AAM?$AA?1?$AAd?$AAd?$AA?1?$AAy?$AAy?$AA?$AA@ 0000000180013f28     libucrt:nlsdata.obj
 0002:00001f40       ??_C@_1CI@KNAKOEBC@?$AAd?$AAd?$AAd?$AAd?$AA?0?$AA?5?$AAM?$AAM?$AAM?$AAM?$AA?5?$AAd?$AAd?$AA?0?$AA?5?$AAy?$AAy?$AAy?$AAy?$AA?$AA@ 0000000180013f40     libucrt:nlsdata.obj
 0002:00001f68       ??_C@_1BC@GDGBMEMK@?$AAH?$AAH?$AA?3?$AAm?$AAm?$AA?3?$AAs?$AAs?$AA?$AA@ 0000000180013f68     libucrt:nlsdata.obj
 0002:00001f80       ??_C@_1M@BMHNFIME@?$AAe?$AAn?$AA?9?$AAU?$AAS?$AA?$AA@ 0000000180013f80     libucrt:nlsdata.obj
 0002:00001fb0       ??_C@_1M@HPNHIDJI@?$AAj?$AAa?$AA?9?$AAJ?$AAP?$AA?$AA@ 0000000180013fb0     libucrt:mbctype.obj
 0002:00001fc0       ??_C@_1M@BIBDDEMK@?$AAz?$AAh?$AA?9?$AAC?$AAN?$AA?$AA@ 0000000180013fc0     libucrt:mbctype.obj
 0002:00001fd0       ??_C@_1M@JLOOOEGK@?$AAk?$AAo?$AA?9?$AAK?$AAR?$AA?$AA@ 0000000180013fd0     libucrt:mbctype.obj
 0002:00001fe0       ??_C@_1M@CLNBBOPM@?$AAz?$AAh?$AA?9?$AAT?$AAW?$AA?$AA@ 0000000180013fe0     libucrt:mbctype.obj
 0002:00001ff0       __newctype                 0000000180013ff0     libucrt:ctype.obj
 0002:000022f0       __newclmap                 00000001800142f0     libucrt:ctype.obj
 0002:00002470       __newcumap                 0000000180014470     libucrt:ctype.obj
 0002:00003430       ??_C@_15EMKDOKLE@?$AAa?$AAr?$AA?$AA@ 0000000180015430     libucrt:lcidtoname_downlevel.obj
 0002:00003438       ??_C@_15KNPADPLH@?$AAb?$AAg?$AA?$AA@ 0000000180015438     libucrt:lcidtoname_downlevel.obj
 0002:00003440       ??_C@_15EDMHLDMO@?$AAc?$AAa?$AA?$AA@ 0000000180015440     libucrt:lcidtoname_downlevel.obj
 0002:00003448       ??_C@_1O@BPEAJADD@?$AAz?$AAh?$AA?9?$AAC?$AAH?$AAS?$AA?$AA@ 0000000180015448     libucrt:lcidtoname_downlevel.obj
 0002:00003458       ??_C@_15LJNHCMNK@?$AAc?$AAs?$AA?$AA@ 0000000180015458     libucrt:lcidtoname_downlevel.obj
 0002:00003460       ??_C@_15FOMCIDHG@?$AAd?$AAa?$AA?$AA@ 0000000180015460     libucrt:lcidtoname_downlevel.obj
 0002:00003468       ??_C@_15NBKABECB@?$AAd?$AAe?$AA?$AA@ 0000000180015468     libucrt:lcidtoname_downlevel.obj
 0002:00003470       ??_C@_15GHPEIIAO@?$AAe?$AAl?$AA?$AA@ 0000000180015470     libucrt:lcidtoname_downlevel.obj
 0002:00003478       ??_C@_15MNPNEAIF@?$AAe?$AAn?$AA?$AA@ 0000000180015478     libucrt:lcidtoname_downlevel.obj
 0002:00003480       ??_C@_15GPIOMPMH@?$AAe?$AAs?$AA?$AA@ 0000000180015480     libucrt:lcidtoname_downlevel.obj
 0002:00003488       ??_C@_15NGLOAKJC@?$AAf?$AAi?$AA?$AA@ 0000000180015488     libucrt:lcidtoname_downlevel.obj
 0002:00003490       ??_C@_15FBKGNKAM@?$AAf?$AAr?$AA?$AA@ 0000000180015490     libucrt:lcidtoname_downlevel.obj
 0002:00003498       ??_C@_15KGGCNEFK@?$AAh?$AAe?$AA?$AA@ 0000000180015498     libucrt:lcidtoname_downlevel.obj
 0002:000034a0       ??_C@_15PGHLIDMF@?$AAh?$AAu?$AA?$AA@ 00000001800154a0     libucrt:lcidtoname_downlevel.obj
 0002:000034a8       ??_C@_15BIEMAPLM@?$AAi?$AAs?$AA?$AA@ 00000001800154a8     libucrt:lcidtoname_downlevel.obj
 0002:000034b0       ??_C@_15IFJLDHAF@?$AAi?$AAt?$AA?$AA@ 00000001800154b0     libucrt:lcidtoname_downlevel.obj
 0002:000034b8       ??_C@_15GEMIOCAG@?$AAj?$AAa?$AA?$AA@ 00000001800154b8     libucrt:lcidtoname_downlevel.obj
 0002:000034c0       ??_C@_15EPELEGJA@?$AAk?$AAo?$AA?$AA@ 00000001800154c0     libucrt:lcidtoname_downlevel.obj
 0002:000034c8       ??_C@_15NDDHIMN@?$AAn?$AAl?$AA?$AA@ 00000001800154c8     libucrt:lcidtoname_downlevel.obj
 0002:000034d0       ??_C@_15BPIGNHCD@?$AAn?$AAo?$AA?$AA@ 00000001800154d0     libucrt:lcidtoname_downlevel.obj
 0002:000034d8       ??_C@_15DEOPBLCG@?$AAp?$AAl?$AA?$AA@ 00000001800154d8     libucrt:lcidtoname_downlevel.obj
 0002:000034e0       ??_C@_15KBECGEFG@?$AAp?$AAt?$AA?$AA@ 00000001800154e0     libucrt:lcidtoname_downlevel.obj
 0002:000034e8       ??_C@_15GLJCBFMD@?$AAr?$AAo?$AA?$AA@ 00000001800154e8     libucrt:lcidtoname_downlevel.obj
 0002:000034f0       ??_C@_15FEDGKCDI@?$AAr?$AAu?$AA?$AA@ 00000001800154f0     libucrt:lcidtoname_downlevel.obj
 0002:000034f8       ??_C@_15GLKMLLHM@?$AAh?$AAr?$AA?$AA@ 00000001800154f8     libucrt:lcidtoname_downlevel.obj
 0002:00003500       ??_C@_15CPKMFBDB@?$AAs?$AAk?$AA?$AA@ 0000000180015500     libucrt:lcidtoname_downlevel.obj
 0002:00003508       ??_C@_15BAAIOGMK@?$AAs?$AAq?$AA?$AA@ 0000000180015508     libucrt:lcidtoname_downlevel.obj
 0002:00003510       ??_C@_15INNPNOHD@?$AAs?$AAv?$AA?$AA@ 0000000180015510     libucrt:lcidtoname_downlevel.obj
 0002:00003518       ??_C@_15CABMMOGH@?$AAt?$AAh?$AA?$AA@ 0000000180015518     libucrt:lcidtoname_downlevel.obj
 0002:00003520       ??_C@_15BPLIHJJM@?$AAt?$AAr?$AA?$AA@ 0000000180015520     libucrt:lcidtoname_downlevel.obj
 0002:00003528       ??_C@_15NEOEKKDJ@?$AAu?$AAr?$AA?$AA@ 0000000180015528     libucrt:lcidtoname_downlevel.obj
 0002:00003530       ??_C@_15NFICGAJK@?$AAi?$AAd?$AA?$AA@ 0000000180015530     libucrt:lcidtoname_downlevel.obj
 0002:00003538       ??_C@_15PJPFLCCM@?$AAu?$AAk?$AA?$AA@ 0000000180015538     libucrt:lcidtoname_downlevel.obj
 0002:00003540       ??_C@_15HPJPHDM@?$AAb?$AAe?$AA?$AA@ 0000000180015540     libucrt:lcidtoname_downlevel.obj
 0002:00003548       ??_C@_15LCHLGJII@?$AAs?$AAl?$AA?$AA@ 0000000180015548     libucrt:lcidtoname_downlevel.obj
 0002:00003550       ??_C@_15PCFJPHHO@?$AAe?$AAt?$AA?$AA@ 0000000180015550     libucrt:lcidtoname_downlevel.obj
 0002:00003558       ??_C@_15HPFPGODN@?$AAl?$AAv?$AA?$AA@ 0000000180015558     libucrt:lcidtoname_downlevel.obj
 0002:00003560       ??_C@_15NFFGKGLG@?$AAl?$AAt?$AA?$AA@ 0000000180015560     libucrt:lcidtoname_downlevel.obj
 0002:00003568       ??_C@_15BDAKCCHN@?$AAf?$AAa?$AA?$AA@ 0000000180015568     libucrt:lcidtoname_downlevel.obj
[...]
 0004:00000a14       $pdata$__acrt_update_thread_multibyte_data 000000018001ea14     libucrt:mbctype.obj
 0004:00000a20       $pdata$_setmbcp_nolock     000000018001ea20     libucrt:mbctype.obj
 0004:00000a2c       $pdata$?x_ismbbtype_l@@YAHPEAU__crt_locale_pointers@@IHH@Z 000000018001ea2c     libucrt:ismbbyte.obj
 0004:00000a38       $pdata$__acrt_initialize_command_line 000000018001ea38     libucrt:argv_data.obj
 0004:00000a44       $pdata$__acrt_WideCharToMultiByte 000000018001ea44     libucrt:widechartomultibyte.obj
 0004:00000a50       $pdata$__dcrt_get_narrow_environment_from_os 000000018001ea50     libucrt:get_environment_from_os.obj
 0004:00000a5c       $pdata$_recalloc_base      000000018001ea5c     libucrt:recalloc.obj
 0004:00000a68       $pdata$__acrt_initialize_heap 000000018001ea68     libucrt:heap_handle.obj
 0004:00000a74       $pdata$__acrt_execute_initializers 000000018001ea74     libucrt:shared_initialization.obj
 0004:00000a80       $pdata$__acrt_execute_uninitializers 000000018001ea80     libucrt:shared_initialization.obj
 0004:00000a8c       $pdata$_callnewh           000000018001ea8c     libucrt:new_handler.obj
 0004:00000a98       $pdata$_query_new_handler  000000018001ea98     libucrt:new_handler.obj
 0004:00000aa4       $pdata$??$?RV<lambda_450d765d439847d4c735a33c368b5fc0>@@AEAV<lambda_44731a7d0e6d81c3e6aa82d741081786>@@V<lambda_601a2a7da3b7a96e9554ac7215c4b07c>@@@?$__crt_seh_guarded_call@P6AXH@Z@@QEAAP6AXH@Z$$QEAV<lambda_450d765d439847d4c735a33c368b5fc0>@@AEAV<lambda_44731a7d0e6d81c3e6aa82d741081786>@@$$QEAV<lambda_601a2a7da3b7a96e9554ac7215c4b07c>@@@Z 000000018001eaa4     libucrt:signal.obj
 0004:00000ab0       $pdata$__acrt_get_sigabrt_handler 000000018001eab0     libucrt:signal.obj
 0004:00000abc       $pdata$raise               000000018001eabc     libucrt:signal.obj
 0004:00000ac8       $pdata$__pctype_func       000000018001eac8     libucrt:ctype.obj
 0004:00000ad4       $pdata$_isctype_l          000000018001ead4     libucrt:isctype.obj
 0004:00000ae0       $pdata$?GetTableIndexFromLocaleName@@YAHPEB_W@Z 000000018001eae0     libucrt:lcidtoname_downlevel.obj
 0004:00000aec       $pdata$__acrt_DownlevelLocaleNameToLCID 000000018001eaec     libucrt:lcidtoname_downlevel.obj
 0004:00000af8       $pdata$_fclose_nolock      000000018001eaf8     libucrt:fclose.obj
 0004:00000b04       $pdata$fclose              000000018001eb04     libucrt:fclose.obj
 0004:00000b10       $pdata$??$?RV<lambda_a37b2b86f63e897a80ea819b0eb08c01>@@AEAV<lambda_38ce7e780aa69e748d6df282ebc68efe>@@V<lambda_99fb1378e971ab6e7edea83e3a7a83a2>@@@?$__crt_seh_guarded_call@H@@QEAAH$$QEAV<lambda_a37b2b86f63e897a80ea819b0eb08c01>@@AEAV<lambda_38ce7e780aa69e748d6df282ebc68efe>@@$$QEAV<lambda_99fb1378e971ab6e7edea83e3a7a83a2>@@@Z 000000018001eb10     libucrt:commit.obj
 0004:00000b1c       $pdata$_commit             000000018001eb1c     libucrt:commit.obj
 0004:00000b28       $pdata$?write_double_translated_ansi_nolock@@YA?AUwrite_result@?A0x17268360@@HQEBDI@Z 000000018001eb28     libucrt:write.obj
 0004:00000b34       $pdata$?write_text_ansi_nolock@@YA?AUwrite_result@?A0x17268360@@HQEBDI@Z 000000018001eb34     libucrt:write.obj
 0004:00000b40       $pdata$?write_text_utf16le_nolock@@YA?AUwrite_result@?A0x17268360@@HQEBDI@Z 000000018001eb40     libucrt:write.obj
 0004:00000b4c       $pdata$?write_text_utf8_nolock@@YA?AUwrite_result@?A0x17268360@@HQEBDI@Z 000000018001eb4c     libucrt:write.obj
 0004:00000b58       $pdata$_write              000000018001eb58     libucrt:write.obj
 0004:00000b64       $pdata$_write_nolock       000000018001eb64     libucrt:write.obj
 0004:00000b70       $pdata$__acrt_lowio_create_handle_array 000000018001eb70     libucrt:osfinfo.obj
 0004:00000b7c       $pdata$__acrt_lowio_destroy_handle_array 000000018001eb7c     libucrt:osfinfo.obj
 0004:00000b88       $pdata$__acrt_lowio_ensure_fh_exists 000000018001eb88     libucrt:osfinfo.obj
 0004:00000b94       $pdata$_free_osfhnd        000000018001eb94     libucrt:osfinfo.obj
 0004:00000ba0       $pdata$_get_osfhandle      000000018001eba0     libucrt:osfinfo.obj
 0004:00000bac       $pdata$_isleadbyte_l       000000018001ebac     libucrt:_wctype.obj
 0004:00000bb8       $pdata$?__acrt_LCMapStringA_stat@@YAHPEAU__crt_locale_pointers@@PEB_WKPEBDHPEADHHH@Z 000000018001ebb8     libucrt:lcmapstringa.obj
 0004:00000bc4       $pdata$__acrt_LCMapStringA 000000018001ebc4     libucrt:lcmapstringa.obj
 0004:00000bd0       $pdata$?__mbrtowc_utf8@__crt_mbstring@@YA_KPEA_WPEBD_KPEAU_Mbstatet@@@Z 000000018001ebd0     libucrt:mbrtowc.obj
 0004:00000bdc       $pdata$?__mbsrtowcs_utf8@__crt_mbstring@@YA_KPEA_WPEAPEBD_KPEAU_Mbstatet@@@Z 000000018001ebdc     libucrt:mbrtowc.obj
 0004:00000be8       $pdata$?__c32rtomb_utf8@__crt_mbstring@@YA_KPEAD_UPEAU_Mbstatet@@@Z 000000018001ebe8     libucrt:c32rtomb.obj
 0004:00000bf4       $pdata$__acrt_free_locale  000000018001ebf4     libucrt:locale_refcounting.obj
 0004:00000c00       $pdata$__acrt_locale_free_lc_time_if_unreferenced 000000018001ec00     libucrt:locale_refcounting.obj
 0004:00000c0c       $pdata$__acrt_release_locale_ref 000000018001ec0c     libucrt:locale_refcounting.obj
 0004:00000c18       $pdata$__acrt_update_thread_locale_data 000000018001ec18     libucrt:locale_refcounting.obj
 0004:00000c24       $pdata$_updatetlocinfoEx_nolock 000000018001ec24     libucrt:locale_refcounting.obj
 0004:00000c30       $pdata$__acrt_fp_strflt_to_string 000000018001ec30     libucrt:_fptostr.obj
 0004:00000c3c       $pdata$?divide@__crt_strtox@@YA_KAEAUbig_integer@1@AEBU21@@Z 000000018001ec3c     libucrt:cfout.obj
 0004:00000c48       $pdata$0$?divide@__crt_strtox@@YA_KAEAUbig_integer@1@AEBU21@@Z 000000018001ec48     libucrt:cfout.obj
 0004:00000c54       $pdata$1$?divide@__crt_strtox@@YA_KAEAUbig_integer@1@AEBU21@@Z 000000018001ec54     libucrt:cfout.obj
 0004:00000c60       $pdata$__acrt_fltout       000000018001ec60     libucrt:cfout.obj
 0004:00000c6c       $pdata$memcpy_s            000000018001ec6c     libucrt:cfout.obj
 0004:00000c78       $pdata$??$write_buffer_nolock@D@@YA_NDV__crt_stdio_stream@@@Z 000000018001ec78     libucrt:_flsbuf.obj
 0004:00000c84       $pdata$?stream_is_at_end_of_file_nolock@@YA_NV__crt_stdio_stream@@@Z 000000018001ec84     libucrt:_flsbuf.obj
 0004:00000c90       $pdata$__acrt_stdio_flush_and_write_narrow_nolock 000000018001ec90     libucrt:_flsbuf.obj
 0004:00000c9c       $pdata$_isatty             000000018001ec9c     libucrt:isatty.obj
 0004:00000ca8       $pdata$__acrt_locale_free_monetary 000000018001eca8     libucrt:initmon.obj
 0004:00000cb4       $pdata$__acrt_locale_free_numeric 000000018001ecb4     libucrt:initnum.obj
 0004:00000cc0       $pdata$?free_crt_array_internal@@YAXQEAPEBX_K@Z 000000018001ecc0     libucrt:inittime.obj
 0004:00000ccc       $pdata$__acrt_locale_free_time 000000018001eccc     libucrt:inittime.obj
 0004:00000cd8       $pdata$__acrt_GetStringTypeA 000000018001ecd8     libucrt:getstringtypea.obj
 0004:00000ce4       $pdata$qsort               000000018001ece4     libucrt:qsort.obj
 0004:00000cf0       $pdata$4$qsort             000000018001ecf0     libucrt:qsort.obj
 0004:00000cfc       $pdata$5$qsort             000000018001ecfc     libucrt:qsort.obj
 0004:00000d08       $pdata$strncpy_s           000000018001ed08     libucrt:strncpy_s.obj
 0004:00000d14       $pdata$fallbackMethod      000000018001ed14     libucrt:strpbrk.obj
 0004:00000d20       $pdata$strpbrk             000000018001ed20     libucrt:strpbrk.obj
 0004:00000d2c       $pdata$_mbsdec_l           000000018001ed2c     libucrt:mbsdec.obj
 0004:00000d38       $pdata$?initialize_multibyte@@YAHXZ 000000018001ed38     libucrt:multibyte_initializer.obj
 0004:00000d44       $pdata$_msize_base         000000018001ed44     libucrt:msize.obj
 0004:00000d50       $pdata$_realloc_base       000000018001ed50     libucrt:realloc_base.obj
 0004:00000d5c       $pdata$??$?RV<lambda_751a882b2c74d4b022dec766aa51a29a>@@AEAV<lambda_628dfdc04ba53c8bfc02c9951375f3f5>@@V<lambda_f6c7be5f7998530c34de24c7437d6b54>@@@?$__crt_seh_guarded_call@H@@QEAAH$$QEAV<lambda_751a882b2c74d4b022dec766aa51a29a>@@AEAV<lambda_628dfdc04ba53c8bfc02c9951375f3f5>@@$$QEAV<lambda_f6c7be5f7998530c34de24c7437d6b54>@@@Z 000000018001ed5c     libucrt:close.obj
 0004:00000d68       $pdata$_close              000000018001ed68     libucrt:close.obj
 0004:00000d74       $pdata$_close_nolock       000000018001ed74     libucrt:close.obj
 0004:00000d80       $pdata$??$common_lseek@_J@@YA_JH_JH@Z 000000018001ed80     libucrt:lseek.obj
 0004:00000d8c       $pdata$??$common_lseek_nolock@_J@@YA_JH_JH@Z 000000018001ed8c     libucrt:lseek.obj
 0004:00000d98       $pdata$_putwch_nolock      000000018001ed98     libucrt:putwch.obj
 0004:00000da4       $pdata$?__mbrtoc32_utf8@__crt_mbstring@@YA_KPEA_UPEBD_KPEAU_Mbstatet@@@Z 000000018001eda4     libucrt:mbrtoc32.obj
 0004:00000db0       $pdata$fegetenv            000000018001edb0     libucrt:fegetenv.obj
 0004:00000dbc       $pdata$fesetenv            000000018001edbc     libucrt:fesetenv.obj
 0004:00000dc8       $pdata$feholdexcept        000000018001edc8     libucrt:feholdexcept.obj
 0004:00000de0       $pdata$__acrt_stdio_allocate_buffer_nolock 000000018001ede0     libucrt:_getbuf.obj
 0004:00000dec       $pdata$__dcrt_lowio_ensure_console_output_initialized 000000018001edec     libucrt:initcon.obj
 0004:00000df8       $pdata$__dcrt_terminate_console_output 000000018001edf8     libucrt:initcon.obj
 0004:00000e04       $pdata$__dcrt_write_console 000000018001ee04     libucrt:initcon.obj
 0004:00000e10       $pdata$__acrt_fenv_set_control 000000018001ee10     libucrt:_fenvutils.obj
 0004:00000e1c       $pdata$_clearfp            000000018001ee1c     libucrt:ieee.obj
 0004:00000e28       $pdata$_call_matherr       000000018001ee28     libucrt:libm_error.obj
 0004:00000e34       $pdata$_exception_enabled  000000018001ee34     libucrt:libm_error.obj
 0004:00000e40       $pdata$_handle_error       000000018001ee40     libucrt:libm_error.obj
 0004:00000e4c       $pdata$__acrt_initialize_fma3 000000018001ee4c     libucrt:fma3_available.obj
 0004:00000e58       $pdata$_log10_special      000000018001ee58     libucrt:log_special.obj
 0004:00000e64       $pdata$_log_special_common 000000018001ee64     libucrt:log_special.obj
 0004:00000e7c       $pdata$_raise_exc          000000018001ee7c     libucrt:fpexcept.obj
 0004:00000e88       $pdata$_raise_exc_ex       000000018001ee88     libucrt:fpexcept.obj
 0004:00000e94       $pdata$_set_errno_from_matherr 000000018001ee94     libucrt:fpexcept.obj
 0004:00000ea0       $pdata$_clrfp              000000018001eea0     libucrt:fpctrl.obj
 0004:00000eac       $pdata$_ctrlfp             000000018001eeac     libucrt:fpctrl.obj
 0004:00000eb8       $pdata$_set_statfp         000000018001eeb8     libucrt:fpctrl.obj
 0004:00000ec4       $pdata$_statfp             000000018001eec4     libucrt:fpctrl.obj
 0004:00000ed0       $pdata$?DloadAcquireSectionWriteAccess@@YAXXZ 000000018001eed0     DelayImp:delayhlp.obj
 0004:00000edc       $pdata$?DloadGetSRWLockFunctionPointers@@YAEXZ 000000018001eedc     DelayImp:delayhlp.obj
 0004:00000ee8       $pdata$?DloadMakePermanentImageCommit@@YAXPEAX_K@Z 000000018001eee8     DelayImp:delayhlp.obj
 0004:00000ef4       $pdata$?DloadObtainSection@@YAPEAXPEAK0@Z 000000018001eef4     DelayImp:delayhlp.obj
 0004:00000f00       $pdata$?DloadProtectSection@@YAXKPEAK@Z 000000018001ef00     DelayImp:delayhlp.obj
 0004:00000f0c       $pdata$?DloadReleaseSectionWriteAccess@@YAXXZ 000000018001ef0c     DelayImp:delayhlp.obj
 0004:00000f18       $pdata$__delayLoadHelper2  000000018001ef18     DelayImp:delayhlp.obj
 0004:00000f24       $pdata$_IsNonwritableInCurrentImage 000000018001ef24     LIBCMT:pesect.obj
 0004:00000f30       $pdata$__GSHandlerCheck    000000018001ef30     LIBCMT:gshandler.obj
 0004:00000f3c       $pdata$__GSHandlerCheckCommon 000000018001ef3c     LIBCMT:gshandler.obj
 0004:00000f54       $pdata$strrchr             000000018001ef54     libvcruntime:strrchr.obj
 0004:00000f78       $pdata$?fin$0@?0??dllmain_crt_process_attach@@YAHQEAUHINSTANCE__@@QEAX@Z@4HA 000000018001ef78     LIBCMT:dll_dllmain.obj
 0004:00000f84       $pdata$?fin$0@?0??dllmain_crt_process_detach@@YAH_N@Z@4HA 000000018001ef84     LIBCMT:dll_dllmain.obj
 0004:00000f90       $pdata$?filt$0@?0??dllmain_dispatch@@YAHQEAUHINSTANCE__@@KQEAX@Z@4HA 000000018001ef90     LIBCMT:dll_dllmain.obj
 0004:00000f9c       $pdata$__scrt_is_nonwritable_in_current_image$filt$0 000000018001ef9c     LIBCMT:utility.obj
 0004:00000fa8       $pdata$__DestructExceptionObject$filt$0 000000018001efa8     libvcruntime:ehhelpers.obj
 0004:00000fb4       $pdata$?fin$0@?0???$?RV<lambda_a62c933ada0517137acf5807a1eeac1f>@@AEAV<lambda_a31071773b9a94e445cbd5d04ef99106>@@V<lambda_56065050dbf3ada7e59a83db45153de3>@@@?$__crt_seh_guarded_call@H@@QEAAH$$QEAV<lambda_a62c933ada0517137acf5807a1eeac1f>@@AEAV<lambda_a31071773b9a94e445cbd5d04ef99106>@@$$QEAV<lambda_56065050dbf3ada7e59a83db45153de3>@@@Z@4HA 000000018001efb4     libucrt:output.obj
 0004:00000fb4       $pdata$?fin$0@?0???$?RV<lambda_842d9ff0dc9ef11c61343bbaebe7f885>@@AEAV<lambda_c5860995281e5c4ce005b3de8f5874ee>@@V<lambda_d90129c13df834fdcbf8d2b88dafcf2d>@@@?$__crt_seh_guarded_call@X@@QEAAX$$QEAV<lambda_842d9ff0dc9ef11c61343bbaebe7f885>@@AEAV<lambda_c5860995281e5c4ce005b3de8f5874ee>@@$$QEAV<lambda_d90129c13df834fdcbf8d2b88dafcf2d>@@@Z@4HA 000000018001efb4     libucrt:fflush.obj
 0004:00000fc0       $pdata$?fin$0@?0???$?RV<lambda_efdfa57d1f175319df784efa44bb7b81>@@AEAV<lambda_5f0a4c1567f8adc6734073e5d1e1b35c>@@V<lambda_2e8a7d3640ea6ccb4c2413664c2db6fd>@@@?$__crt_seh_guarded_call@X@@QEAAX$$QEAV<lambda_efdfa57d1f175319df784efa44bb7b81>@@AEAV<lambda_5f0a4c1567f8adc6734073e5d1e1b35c>@@$$QEAV<lambda_2e8a7d3640ea6ccb4c2413664c2db6fd>@@@Z@4HA 000000018001efc0     libucrt:mbctype.obj
 0004:00000fc0       $pdata$?fin$0@?0???$?RV<lambda_0ae27a3a962d80f24befdcbee591983d>@@AEAV<lambda_8d0ee55de4b1038c4002e0adecdf1839>@@V<lambda_dc504788e8f1664fe9b84e20bfb512f2>@@@?$__crt_seh_guarded_call@X@@QEAAX$$QEAV<lambda_0ae27a3a962d80f24befdcbee591983d>@@AEAV<lambda_8d0ee55de4b1038c4002e0adecdf1839>@@$$QEAV<lambda_dc504788e8f1664fe9b84e20bfb512f2>@@@Z@4HA 000000018001efc0     libucrt:per_thread_data.obj
 0004:00000fc0       $pdata$?fin$0@?0???$?RV<lambda_aa87e3671a710a21b5dc78c0bdf72e11>@@AEAV<lambda_92619d2358a28f41a33ba319515a20b9>@@V<lambda_6992ecaafeb10aed2b74cb1fae11a551>@@@?$__crt_seh_guarded_call@X@@QEAAX$$QEAV<lambda_aa87e3671a710a21b5dc78c0bdf72e11>@@AEAV<lambda_92619d2358a28f41a33ba319515a20b9>@@$$QEAV<lambda_6992ecaafeb10aed2b74cb1fae11a551>@@@Z@4HA 000000018001efc0     libucrt:per_thread_data.obj
 0004:00000fc0       $pdata$?fin$0@?0???$?RV<lambda_f2e299630e499de9f9a165e60fcd3db5>@@AEAV<lambda_2ae9d31cdba2644fcbeaf08da7c24588>@@V<lambda_40d01ff24d0e7b3814fdbdcee8eab3c7>@@@?$__crt_seh_guarded_call@X@@QEAAX$$QEAV<lambda_f2e299630e499de9f9a165e60fcd3db5>@@AEAV<lambda_2ae9d31cdba2644fcbeaf08da7c24588>@@$$QEAV<lambda_40d01ff24d0e7b3814fdbdcee8eab3c7>@@@Z@4HA 000000018001efc0     libucrt:per_thread_data.obj
 0004:00000fc0       $pdata$?fin$0@?0???$?RV<lambda_2d41944a1d46af3157314b8a01080d33>@@AEAV<lambda_8f455de75cd7d7f24b4096f044d8b9e6>@@V<lambda_aa500f224e6afead328df44964fe2772>@@@?$__crt_seh_guarded_call@X@@QEAAX$$QEAV<lambda_2d41944a1d46af3157314b8a01080d33>@@AEAV<lambda_8f455de75cd7d7f24b4096f044d8b9e6>@@$$QEAV<lambda_aa500f224e6afead328df44964fe2772>@@@Z@4HA 000000018001efc0     libucrt:per_thread_data.obj
 0004:00000fc0       $pdata$?fin$0@?0???$?RV<lambda_7777bce6b2f8c936911f934f8298dc43>@@AEAV<lambda_f03950bc5685219e0bcd2087efbe011e>@@V<lambda_3883c3dff614d5e0c5f61bb1ac94921c>@@@?$__crt_seh_guarded_call@H@@QEAAH$$QEAV<lambda_7777bce6b2f8c936911f934f8298dc43>@@AEAV<lambda_f03950bc5685219e0bcd2087efbe011e>@@$$QEAV<lambda_3883c3dff614d5e0c5f61bb1ac94921c>@@@Z@4HA 000000018001efc0     libucrt:onexit.obj
 0004:00000fc0       $pdata$?fin$0@?0???$?RV<lambda_d80eeec6fff315bfe5c115232f3240e3>@@AEAV<lambda_6e4b09c48022b2350581041d5f6b0c4c>@@V<lambda_2358e3775559c9db80273638284d5e45>@@@?$__crt_seh_guarded_call@X@@QEAAX$$QEAV<lambda_d80eeec6fff315bfe5c115232f3240e3>@@AEAV<lambda_6e4b09c48022b2350581041d5f6b0c4c>@@$$QEAV<lambda_2358e3775559c9db80273638284d5e45>@@@Z@4HA 000000018001efc0     libucrt:exit.obj
 0004:00000fc0       $pdata$?fin$0@?0???$?RV<lambda_450d765d439847d4c735a33c368b5fc0>@@AEAV<lambda_44731a7d0e6d81c3e6aa82d741081786>@@V<lambda_601a2a7da3b7a96e9554ac7215c4b07c>@@@?$__crt_seh_guarded_call@P6AXH@Z@@QEAAP6AXH@Z$$QEAV<lambda_450d765d439847d4c735a33c368b5fc0>@@AEAV<lambda_44731a7d0e6d81c3e6aa82d741081786>@@$$QEAV<lambda_601a2a7da3b7a96e9554ac7215c4b07c>@@@Z@4HA 000000018001efc0     libucrt:signal.obj
 0004:00000fcc       $pdata$?filt$0@?0???R<lambda_6e4b09c48022b2350581041d5f6b0c4c>@@QEBA@XZ@4HA 000000018001efcc     libucrt:exit.obj
 0004:00000fd8       $pdata$_fcloseall$fin$0    000000018001efd8     libucrt:closeall.obj
 0004:00000fe4       $pdata$?fin$0@?0???$?RV<lambda_886d6c58226a84441f68b9f2b8217b83>@@AEAV<lambda_ab61a845afdef5b7c387490eaf3616ee>@@V<lambda_f7f22ab5edc0698d5f6905b0d3f44752>@@@?$__crt_seh_guarded_call@X@@QEAAX$$QEAV<lambda_886d6c58226a84441f68b9f2b8217b83>@@AEAV<lambda_ab61a845afdef5b7c387490eaf3616ee>@@$$QEAV<lambda_f7f22ab5edc0698d5f6905b0d3f44752>@@@Z@4HA 000000018001efe4     libucrt:fflush.obj
 0004:00000ff0       $pdata$__acrt_initialize_lowio$fin$0 000000018001eff0     libucrt:ioinit.obj
 0004:00000ff0       $pdata$__acrt_lowio_ensure_fh_exists$fin$0 000000018001eff0     libucrt:osfinfo.obj
 0004:00000ffc       $pdata$?fin$0@?0???$?RV<lambda_410d79af7f07d98d83a3f525b3859a53>@@AEAV<lambda_3e16ef9562a7dcce91392c22ab16ea36>@@V<lambda_38119f0e861e05405d8a144b9b982f0a>@@@?$__crt_seh_guarded_call@X@@QEAAX$$QEAV<lambda_410d79af7f07d98d83a3f525b3859a53>@@AEAV<lambda_3e16ef9562a7dcce91392c22ab16ea36>@@$$QEAV<lambda_38119f0e861e05405d8a144b9b982f0a>@@@Z@4HA 000000018001effc     libucrt:wsetlocale.obj
 0004:00001008       $pdata$?fin$0@?0??update_thread_multibyte_data_internal@@YAPEAU__crt_multibyte_data@@QEAU__acrt_ptd@@QEAPEAU1@@Z@4HA 000000018001f008     libucrt:mbctype.obj
 0004:00001014       $pdata$_query_new_handler$fin$0 000000018001f014     libucrt:new_handler.obj
 0004:00001020       $pdata$raise$fin$0         000000018001f020     libucrt:signal.obj
 0004:0000102c       $pdata$fclose$fin$0        000000018001f02c     libucrt:fclose.obj
 0004:00001038       $pdata$?fin$0@?0???$?RV<lambda_a37b2b86f63e897a80ea819b0eb08c01>@@AEAV<lambda_38ce7e780aa69e748d6df282ebc68efe>@@V<lambda_99fb1378e971ab6e7edea83e3a7a83a2>@@@?$__crt_seh_guarded_call@H@@QEAAH$$QEAV<lambda_a37b2b86f63e897a80ea819b0eb08c01>@@AEAV<lambda_38ce7e780aa69e748d6df282ebc68efe>@@$$QEAV<lambda_99fb1378e971ab6e7edea83e3a7a83a2>@@@Z@4HA 000000018001f038     libucrt:commit.obj
 0004:00001038       $pdata$?fin$0@?0???$?RV<lambda_751a882b2c74d4b022dec766aa51a29a>@@AEAV<lambda_628dfdc04ba53c8bfc02c9951375f3f5>@@V<lambda_f6c7be5f7998530c34de24c7437d6b54>@@@?$__crt_seh_guarded_call@H@@QEAAH$$QEAV<lambda_751a882b2c74d4b022dec766aa51a29a>@@AEAV<lambda_628dfdc04ba53c8bfc02c9951375f3f5>@@$$QEAV<lambda_f6c7be5f7998530c34de24c7437d6b54>@@@Z@4HA 000000018001f038     libucrt:close.obj
 0004:00001044       $pdata$?fin$0@?0???$common_lseek@_J@@YA_JH_JH@Z@4HA 000000018001f044     libucrt:lseek.obj
 0004:00001044       $pdata$_write$fin$0        000000018001f044     libucrt:write.obj
 0004:00001050       $pdata$__acrt_update_thread_locale_data$fin$0 000000018001f050     libucrt:locale_refcounting.obj
 0004:0000105c       $pdata$_ctrlfp$filt$0      000000018001f05c     libucrt:fpctrl.obj
 0004:00001068       $pdata$_IsNonwritableInCurrentImage$filt$0 000000018001f068     LIBCMT:pesect.obj
 0005:00000060       $R000000                   0000000180020060     * linker generated manifest res *

 Exports

  ordinal    name

        1    _register_module_
